Archive member included to satisfy reference by file (symbol)

C:\Users\paul\Documents\STM32\STM32_Sigfox_ItSdk\Drivers\libST_RF_LIB_ALL250_CM0+_GCC.a(rf_api.o)
                              ItSdk/Src/drivers/s2lp/st_lib_api.o (ST_RF_API_Get_Continuous_TX_Flag)
C:\Users\paul\Documents\STM32\STM32_Sigfox_ItSdk\Drivers\libSFX_LIB_FDL250_CM0+_GCC.a(sigfox_api.o)
                              ItSdk/Src/drivers/sigfox/sigfox_helper.o (SIGFOX_API_open)
C:\Users\paul\Documents\STM32\STM32_Sigfox_ItSdk\Drivers\libSFX_LIB_FDL250_CM0+_GCC.a(sigfox_internal.o)
                              C:\Users\paul\Documents\STM32\STM32_Sigfox_ItSdk\Drivers\libSFX_LIB_FDL250_CM0+_GCC.a(sigfox_api.o) (RETURN_CODE)
C:\Users\paul\Documents\STM32\STM32_Sigfox_ItSdk\Drivers\libSFX_LIB_FDL250_CM0+_GCC.a(sigfox_pn.o)
                              C:\Users\paul\Documents\STM32\STM32_Sigfox_ItSdk\Drivers\libSFX_LIB_FDL250_CM0+_GCC.a(sigfox_internal.o) (SIGFOX_PN_next_pn)
C:\Users\paul\Documents\STM32\STM32_Sigfox_ItSdk\Drivers\libSFX_LIB_FDL250_CM0+_GCC.a(sigfox_scramb.o)
                              C:\Users\paul\Documents\STM32\STM32_Sigfox_ItSdk\Drivers\libSFX_LIB_FDL250_CM0+_GCC.a(sigfox_internal.o) (SIGFOX_SCRAMB_compute)
C:\Users\paul\Documents\STM32\STM32_Sigfox_ItSdk\Drivers\libSFX_LIB_FDL250_CM0+_GCC.a(sigfox_crc.o)
                              C:\Users\paul\Documents\STM32\STM32_Sigfox_ItSdk\Drivers\libSFX_LIB_FDL250_CM0+_GCC.a(sigfox_internal.o) (SIGFOX_CRC_crc16)
C:\Users\paul\Documents\STM32\STM32_Sigfox_ItSdk\Drivers\libSFX_LIB_FDL250_CM0+_GCC.a(sigfox_decode.o)
                              C:\Users\paul\Documents\STM32\STM32_Sigfox_ItSdk\Drivers\libSFX_LIB_FDL250_CM0+_GCC.a(sigfox_internal.o) (SIGFOX_DECODE_decode_frame)
C:\Users\paul\Documents\STM32\STM32_Sigfox_ItSdk\Drivers\libSFX_LIB_FDL250_CM0+_GCC.a(sigfox_hmac.o)
                              C:\Users\paul\Documents\STM32\STM32_Sigfox_ItSdk\Drivers\libSFX_LIB_FDL250_CM0+_GCC.a(sigfox_internal.o) (SIGFOX_HMAC_compute_aes)
C:\Users\paul\Documents\STM32\STM32_Sigfox_ItSdk\Drivers\libID_KEY_RETRIEVER250_CM0+_GCC.a(asfd32.o)
                              ItSdk/Src/drivers/s2lp/st_lib_api.o (enc_utils_encrypt)
c:/ac6/systemworkbench/plugins/fr.ac6.mcu.externaltools.arm-none.win32_1.16.0.201807130628/tools/compiler/bin/../lib/gcc/arm-none-eabi/7.2.1/thumb/v6-m\libgcc.a(_udivsi3.o)
                              Core/Src/main.o (__aeabi_uidiv)
c:/ac6/systemworkbench/plugins/fr.ac6.mcu.externaltools.arm-none.win32_1.16.0.201807130628/tools/compiler/bin/../lib/gcc/arm-none-eabi/7.2.1/thumb/v6-m\libgcc.a(_divsi3.o)
                              ItSdk/Src/drivers/s2lp/st_lib_api.o (__aeabi_idiv)
c:/ac6/systemworkbench/plugins/fr.ac6.mcu.externaltools.arm-none.win32_1.16.0.201807130628/tools/compiler/bin/../lib/gcc/arm-none-eabi/7.2.1/thumb/v6-m\libgcc.a(_dvmd_tls.o)
                              c:/ac6/systemworkbench/plugins/fr.ac6.mcu.externaltools.arm-none.win32_1.16.0.201807130628/tools/compiler/bin/../lib/gcc/arm-none-eabi/7.2.1/thumb/v6-m\libgcc.a(_udivsi3.o) (__aeabi_idiv0)
c:/ac6/systemworkbench/plugins/fr.ac6.mcu.externaltools.arm-none.win32_1.16.0.201807130628/tools/compiler/bin/../lib/gcc/arm-none-eabi/7.2.1/thumb/v6-m\libgcc.a(_aeabi_ldivmod.o)
                              ItSdk/Src/it_sdk/time/time.o (__aeabi_ldivmod)
c:/ac6/systemworkbench/plugins/fr.ac6.mcu.externaltools.arm-none.win32_1.16.0.201807130628/tools/compiler/bin/../lib/gcc/arm-none-eabi/7.2.1/thumb/v6-m\libgcc.a(_aeabi_uldivmod.o)
                              Drivers/STM32L0xx_HAL_Driver/Src/stm32l0xx_hal_uart.o (__aeabi_uldivmod)
c:/ac6/systemworkbench/plugins/fr.ac6.mcu.externaltools.arm-none.win32_1.16.0.201807130628/tools/compiler/bin/../lib/gcc/arm-none-eabi/7.2.1/thumb/v6-m\libgcc.a(_muldi3.o)
                              ItSdk/Src/it_sdk/time/time.o (__aeabi_lmul)
c:/ac6/systemworkbench/plugins/fr.ac6.mcu.externaltools.arm-none.win32_1.16.0.201807130628/tools/compiler/bin/../lib/gcc/arm-none-eabi/7.2.1/thumb/v6-m\libgcc.a(_udivmoddi4.o)
                              c:/ac6/systemworkbench/plugins/fr.ac6.mcu.externaltools.arm-none.win32_1.16.0.201807130628/tools/compiler/bin/../lib/gcc/arm-none-eabi/7.2.1/thumb/v6-m\libgcc.a(_aeabi_uldivmod.o) (__udivmoddi4)
c:/ac6/systemworkbench/plugins/fr.ac6.mcu.externaltools.arm-none.win32_1.16.0.201807130628/tools/compiler/bin/../lib/gcc/arm-none-eabi/7.2.1/thumb/v6-m\libgcc.a(bpabi.o)
                              c:/ac6/systemworkbench/plugins/fr.ac6.mcu.externaltools.arm-none.win32_1.16.0.201807130628/tools/compiler/bin/../lib/gcc/arm-none-eabi/7.2.1/thumb/v6-m\libgcc.a(_aeabi_ldivmod.o) (__gnu_ldivmod_helper)
c:/ac6/systemworkbench/plugins/fr.ac6.mcu.externaltools.arm-none.win32_1.16.0.201807130628/tools/compiler/bin/../lib/gcc/arm-none-eabi/7.2.1/thumb/v6-m\libgcc.a(_clzdi2.o)
[...]
Memory Configuration

Name             Origin             Length             Attributes
RAM              0x20000000         0x00002000         xrw
FLASH            0x08000000         0x00010000         xr
*default*        0x00000000         0xffffffff

Linker script and memory map

LOAD c:/ac6/systemworkbench/plugins/fr.ac6.mcu.externaltools.arm-none.win32_1.16.0.201807130628/tools/compiler/bin/../lib/gcc/arm-none-eabi/7.2.1/thumb/v6-m/crti.o
LOAD c:/ac6/systemworkbench/plugins/fr.ac6.mcu.externaltools.arm-none.win32_1.16.0.201807130628/tools/compiler/bin/../lib/gcc/arm-none-eabi/7.2.1/thumb/v6-m/crtbegin.o
LOAD c:/ac6/systemworkbench/plugins/fr.ac6.mcu.externaltools.arm-none.win32_1.16.0.201807130628/tools/compiler/bin/../lib/gcc/arm-none-eabi/7.2.1/../../../../arm-none-eabi/lib/thumb/v6-m/crt0.o
LOAD Core/Src/adc.o
LOAD Core/Src/gpio.o
LOAD Core/Src/iwdg.o
LOAD Core/Src/main.o
LOAD Core/Src/project_main.o
LOAD Core/Src/rtc.o
LOAD Core/Src/spi.o
LOAD Core/Src/stm32l0xx_hal_msp.o
LOAD Core/Src/stm32l0xx_it.o
LOAD Core/Src/system_stm32l0xx.o
LOAD Core/Src/tim.o
LOAD Core/Src/usart.o
LOAD Drivers/STM32L0xx_HAL_Driver/Src/stm32l0xx_hal.o
LOAD Drivers/STM32L0xx_HAL_Driver/Src/stm32l0xx_hal_adc.o
LOAD Drivers/STM32L0xx_HAL_Driver/Src/stm32l0xx_hal_adc_ex.o
LOAD Drivers/STM32L0xx_HAL_Driver/Src/stm32l0xx_hal_cortex.o
LOAD Drivers/STM32L0xx_HAL_Driver/Src/stm32l0xx_hal_dma.o
LOAD Drivers/STM32L0xx_HAL_Driver/Src/stm32l0xx_hal_flash.o
LOAD Drivers/STM32L0xx_HAL_Driver/Src/stm32l0xx_hal_flash_ex.o
LOAD Drivers/STM32L0xx_HAL_Driver/Src/stm32l0xx_hal_flash_ramfunc.o
LOAD Drivers/STM32L0xx_HAL_Driver/Src/stm32l0xx_hal_gpio.o
LOAD Drivers/STM32L0xx_HAL_Driver/Src/stm32l0xx_hal_i2c.o
LOAD Drivers/STM32L0xx_HAL_Driver/Src/stm32l0xx_hal_i2c_ex.o
LOAD Drivers/STM32L0xx_HAL_Driver/Src/stm32l0xx_hal_iwdg.o
LOAD Drivers/STM32L0xx_HAL_Driver/Src/stm32l0xx_hal_pwr.o
LOAD Drivers/STM32L0xx_HAL_Driver/Src/stm32l0xx_hal_pwr_ex.o
LOAD Drivers/STM32L0xx_HAL_Driver/Src/stm32l0xx_hal_rcc.o
LOAD Drivers/STM32L0xx_HAL_Driver/Src/stm32l0xx_hal_rcc_ex.o
LOAD Drivers/STM32L0xx_HAL_Driver/Src/stm32l0xx_hal_rtc.o
LOAD Drivers/STM32L0xx_HAL_Driver/Src/stm32l0xx_hal_rtc_ex.o
LOAD Drivers/STM32L0xx_HAL_Driver/Src/stm32l0xx_hal_spi.o
LOAD Drivers/STM32L0xx_HAL_Driver/Src/stm32l0xx_hal_tim.o
LOAD Drivers/STM32L0xx_HAL_Driver/Src/stm32l0xx_hal_tim_ex.o
LOAD Drivers/STM32L0xx_HAL_Driver/Src/stm32l0xx_hal_uart.o
LOAD Drivers/STM32L0xx_HAL_Driver/Src/stm32l0xx_hal_uart_ex.o
LOAD ItSdk/Src/drivers/eeprom/m95640/m95640.o
LOAD ItSdk/Src/drivers/s2lp/s2lp.o
LOAD ItSdk/Src/drivers/s2lp/s2lp_idRetriever.o
LOAD ItSdk/Src/drivers/s2lp/s2lp_spi.o
LOAD ItSdk/Src/drivers/s2lp/st_lib_api.o
LOAD ItSdk/Src/drivers/sigfox/sigfox_helper.o
LOAD ItSdk/Src/it_sdk/eeprom/eeprom.o
LOAD ItSdk/Src/it_sdk/logger/logger.o
LOAD ItSdk/Src/it_sdk/lowpower/lowpower.o
LOAD ItSdk/Src/it_sdk/main.o
LOAD ItSdk/Src/it_sdk/tool.o
LOAD ItSdk/Src/it_sdk/sched/scheduler.o
LOAD ItSdk/Src/it_sdk/sigfox/sigfox.o
LOAD ItSdk/Src/it_sdk/statemachine/statemachine.o
LOAD ItSdk/Src/it_sdk/time/time.o
LOAD ItSdk/Src/it_sdk/time/timer.o
LOAD ItSdk/Src/stm32l_sdk/adc/adc.o
LOAD ItSdk/Src/stm32l_sdk/devices.o
LOAD ItSdk/Src/stm32l_sdk/gpio_wrapper.o
LOAD ItSdk/Src/stm32l_sdk/misc_wrapper.o
LOAD ItSdk/Src/stm32l_sdk/uart_wrapper.o
LOAD ItSdk/Src/stm32l_sdk/eeprom/eeprom.o
LOAD ItSdk/Src/stm32l_sdk/lowpower/lowpower.o
LOAD ItSdk/Src/stm32l_sdk/rtc/rtc.o
LOAD ItSdk/Src/stm32l_sdk/rtc/systick.o
LOAD ItSdk/Src/stm32l_sdk/spi/spi.o
LOAD ItSdk/Src/stm32l_sdk/wdg/watchdog.o
LOAD startup/startup_stm32l053xx.o
LOAD C:\Users\paul\Documents\STM32\STM32_Sigfox_ItSdk\Drivers\libST_RF_LIB_ALL250_CM0+_GCC.a
LOAD C:\Users\paul\Documents\STM32\STM32_Sigfox_ItSdk\Drivers\libSFX_LIB_FDL250_CM0+_GCC.a
LOAD C:\Users\paul\Documents\STM32\STM32_Sigfox_ItSdk\Drivers\libID_KEY_RETRIEVER250_CM0+_GCC.a
LOAD c:/ac6/systemworkbench/plugins/fr.ac6.mcu.externaltools.arm-none.win32_1.16.0.201807130628/tools/compiler/bin/../lib/gcc/arm-none-eabi/7.2.1/../../../../arm-none-eabi/lib/thumb/v6-m\libm.a
START GROUP
LOAD c:/ac6/systemworkbench/plugins/fr.ac6.mcu.externaltools.arm-none.win32_1.16.0.201807130628/tools/compiler/bin/../lib/gcc/arm-none-eabi/7.2.1/thumb/v6-m\libgcc.a
LOAD c:/ac6/systemworkbench/plugins/fr.ac6.mcu.externaltools.arm-none.win32_1.16.0.201807130628/tools/compiler/bin/../lib/gcc/arm-none-eabi/7.2.1/../../../../arm-none-eabi/lib/thumb/v6-m\libc_nano.a
END GROUP
START GROUP
LOAD c:/ac6/systemworkbench/plugins/fr.ac6.mcu.externaltools.arm-none.win32_1.16.0.201807130628/tools/compiler/bin/../lib/gcc/arm-none-eabi/7.2.1/thumb/v6-m\libgcc.a
LOAD c:/ac6/systemworkbench/plugins/fr.ac6.mcu.externaltools.arm-none.win32_1.16.0.201807130628/tools/compiler/bin/../lib/gcc/arm-none-eabi/7.2.1/../../../../arm-none-eabi/lib/thumb/v6-m\libc_nano.a
LOAD c:/ac6/systemworkbench/plugins/fr.ac6.mcu.externaltools.arm-none.win32_1.16.0.201807130628/tools/compiler/bin/../lib/gcc/arm-none-eabi/7.2.1/../../../../arm-none-eabi/lib/thumb/v6-m\libnosys.a
END GROUP
START GROUP
LOAD c:/ac6/systemworkbench/plugins/fr.ac6.mcu.externaltools.arm-none.win32_1.16.0.201807130628/tools/compiler/bin/../lib/gcc/arm-none-eabi/7.2.1/thumb/v6-m\libgcc.a
LOAD c:/ac6/systemworkbench/plugins/fr.ac6.mcu.externaltools.arm-none.win32_1.16.0.201807130628/tools/compiler/bin/../lib/gcc/arm-none-eabi/7.2.1/../../../../arm-none-eabi/lib/thumb/v6-m\libc_nano.a
LOAD c:/ac6/systemworkbench/plugins/fr.ac6.mcu.externaltools.arm-none.win32_1.16.0.201807130628/tools/compiler/bin/../lib/gcc/arm-none-eabi/7.2.1/../../../../arm-none-eabi/lib/thumb/v6-m\libnosys.a
END GROUP
LOAD c:/ac6/systemworkbench/plugins/fr.ac6.mcu.externaltools.arm-none.win32_1.16.0.201807130628/tools/compiler/bin/../lib/gcc/arm-none-eabi/7.2.1/thumb/v6-m/crtend.o
LOAD c:/ac6/systemworkbench/plugins/fr.ac6.mcu.externaltools.arm-none.win32_1.16.0.201807130628/tools/compiler/bin/../lib/gcc/arm-none-eabi/7.2.1/thumb/v6-m/crtn.o
                0x20002000                _estack = 0x20002000
                0x00000200                _Min_Heap_Size = 0x200
                0x00000400                _Min_Stack_Size = 0x400

.isr_vector     0x08000000       0xc0
                0x08000000                . = ALIGN (0x4)
 *(.isr_vector)
 .isr_vector    0x08000000       0xc0 startup/startup_stm32l053xx.o
                0x08000000                g_pfnVectors
                0x080000c0                . = ALIGN (0x4)

.text           0x080000c0     0x953c
                0x080000c0                . = ALIGN (0x4)
 *(.text)
 .text          0x080000c0       0x48 c:/ac6/systemworkbench/plugins/fr.ac6.mcu.externaltools.arm-none.win32_1.16.0.201807130628/tools/compiler/bin/../lib/gcc/arm-none-eabi/7.2.1/thumb/v6-m/crtbegin.o
 .text          0x08000108     0x100e C:\Users\paul\Documents\STM32\STM32_Sigfox_ItSdk\Drivers\libST_RF_LIB_ALL250_CM0+_GCC.a(rf_api.o)
                0x080005e6                pn9_next
                0x080005fe                pn9_next_byte
                0x080009f8                RF_API_init
                0x08000b4c                RF_API_stop
                0x08000b70                RF_API_send
                0x08000bd4                RF_API_start_continuous_transmission
                0x08000c5a                RF_API_stop_continuous_transmission
                0x08000c7c                RF_API_change_frequency
                0x08000d48                RF_API_wait_frame
                0x08000e54                RF_API_wait_for_clear_channel
                0x08000fd8                RF_API_get_version
                0x08000fe4                ST_RF_API_Timer_CB
                0x08000fea                ST_RF_API_Timer_Channel_Clear_CB
                0x08000ff2                ST_RF_API_S2LP_IRQ_CB
                0x0800100c                ST_RF_API_set_rssi_offset
                0x08001018                ST_RF_API_get_rssi_offset
                0x08001028                ST_RF_API_gpio_irq_pin
                0x08001038                ST_RF_API_gpio_tx_rx_pin
                0x0800104c                ST_RF_API_gpio_rx_pin
                0x08001060                ST_RF_API_gpio_tx_pin
                0x08001074                ST_RF_API_reduce_output_power
                0x0800107c                ST_RF_API_set_xtal_freq
                0x08001084                ST_RF_API_set_freq_offset
                0x0800108c                ST_RF_API_set_tcxo
                0x08001094                ST_RF_API_set_pa
                0x0800109c                ST_RF_API_get_ramp_duration
                0x080010a8                ST_RF_API_smps
                0x080010b0                ST_RF_API_Get_Continuous_TX_Flag
                0x080010dc                ST_RF_API_StartTx
                0x080010e2                ST_RF_API_StartRx
                0x080010ee                ST_RF_API_StopRxTx
                0x080010f4                ST_RF_API_GetRSSI
                0x08001114                ST_RF_API_custom_setting
 *fill*         0x08001116        0x2 
 .text          0x08001118      0x54c C:\Users\paul\Documents\STM32\STM32_Sigfox_ItSdk\Drivers\libSFX_LIB_FDL250_CM0+_GCC.a(sigfox_api.o)
                0x08001118                SIGFOX_API_open
                0x08001294                SIGFOX_API_close
                0x080012bc                SIGFOX_API_send_frame
                0x08001300                SIGFOX_API_send_bit
                0x08001338                SIGFOX_API_send_outofband
                0x08001378                SIGFOX_API_get_version
                0x080013b4                SIGFOX_API_set_std_config
                0x08001430                SIGFOX_API_start_continuous_transmission
                0x0800147c                SIGFOX_API_stop_continuous_transmission
                0x080014c8                SIGFOX_API_send_test_frame
                0x0800155e                SIGFOX_API_receive_test_frame
                0x080015dc                SIGFOX_API_get_info
                0x080015fa                SIGFOX_API_get_device_id
                0x08001604                SIGFOX_API_get_initial_pac
                0x0800161a                SIGFOX_API_switch_public_key
                0x08001636                SIGFOX_API_set_rc_sync_period
 .text          0x08001664      0xf02 C:\Users\paul\Documents\STM32\STM32_Sigfox_ItSdk\Drivers\libSFX_LIB_FDL250_CM0+_GCC.a(sigfox_internal.o)
                0x08001664                SIGFOX_INT_randomize
                0x0800167a                SIGFOX_INT_get_max_micro_channel
                0x080016aa                SIGFOX_INT_get_macro_channel_index
                0x08001708                SIGFOX_INT_dc_lbt_channel_pn_max
                0x08001730                SIGFOX_INT_dc_lbt_channel_pn_min
                0x0800174e                RETURN_CODE
                0x08001756                SIGFOX_INT_compute_channels
                0x080018c0                SIGFOX_INT_compute_carrier_sense_frequency
                0x080018ec                SIGFOX_INT_store_nvm
                0x0800192c                SIGFOX_INT_execute_communication_sequence
                0x08001a9c                SIGFOX_INT_prepare_transmission
                0x08001b28                fsync_lut_tx
                0x08001b4c                SIGFOX_INT_encrypt_decrypt_frame
                0x08001c70                public_key
                0x08001c80                SIGFOX_INT_build_frame
                0x08001fa4                SIGFOX_INT_send_single_frame
                0x08002024                SIGFOX_INT_execute_carrier_sense
                0x08002064                SIGFOX_INT_process_uplink
                0x080022de                SIGFOX_INT_process_downlink
                0x08002328                SIGFOX_INT_downlink_configuration
                0x08002360                SIGFOX_INT_get_received_frames
                0x080024c8                SIGFOX_INT_compute_uplink_frequency
                0x08002550                SIGFOX_INT_compute_downlink_frequency
                0x08002554                SIGFOX_INT_get_device_id_and_payload_encryption_flag
 *fill*         0x08002566        0x2 
 .text          0x08002568       0x64 C:\Users\paul\Documents\STM32\STM32_Sigfox_ItSdk\Drivers\libSFX_LIB_FDL250_CM0+_GCC.a(sigfox_pn.o)
                0x08002568                SIGFOX_PN_next_pn
 .text          0x080025cc       0x8c C:\Users\paul\Documents\STM32\STM32_Sigfox_ItSdk\Drivers\libSFX_LIB_FDL250_CM0+_GCC.a(sigfox_scramb.o)
                0x080025cc                SIGFOX_SCRAMB_compute
 .text          0x08002658       0x7e C:\Users\paul\Documents\STM32\STM32_Sigfox_ItSdk\Drivers\libSFX_LIB_FDL250_CM0+_GCC.a(sigfox_crc.o)
                0x08002658                SIGFOX_CRC_crc16
                0x080026a0                SIGFOX_CRC_crc8
 *fill*         0x080026d6        0x2 
 .text          0x080026d8      0x204 C:\Users\paul\Documents\STM32\STM32_Sigfox_ItSdk\Drivers\libSFX_LIB_FDL250_CM0+_GCC.a(sigfox_decode.o)
                0x080026d8                SIGFOX_DECODE_decode_frame
                0x080028bc                pow_alpha
                0x080028cc                log_alpha
 .text          0x080028dc       0x6c C:\Users\paul\Documents\STM32\STM32_Sigfox_ItSdk\Drivers\libSFX_LIB_FDL250_CM0+_GCC.a(sigfox_hmac.o)
                0x080028dc                SIGFOX_HMAC_compute_aes
 .text          0x08002948      0xdfc C:\Users\paul\Documents\STM32\STM32_Sigfox_ItSdk\Drivers\libID_KEY_RETRIEVER250_CM0+_GCC.a(asfd32.o)
                0x08003290                l31
                0x0800332e                l37
                0x080033cc                AES_CBC_decrypt_buffer
                0x0800340c                l62
                0x08003424                enc_utils_retrieve_data_from_flash
                0x0800355a                enc_utils_retrieve_data
                0x08003696                enc_utils_encrypt
                0x080036b4                enc_utils_set_public_key
                0x080036ce                enc_utils_set_test_key
                0x080036ee                enc_utils_set_test_id
                0x080036f6                enc_utils_get_id
                0x08003716                enc_utils_get_initial_pac
 .text          0x08003744      0x114 c:/ac6/systemworkbench/plugins/fr.ac6.mcu.externaltools.arm-none.win32_1.16.0.201807130628/tools/compiler/bin/../lib/gcc/arm-none-eabi/7.2.1/thumb/v6-m\libgcc.a(_udivsi3.o)
                0x08003744                __aeabi_uidiv
                0x08003744                __udivsi3
                0x08003850                __aeabi_uidivmod
 .text          0x08003858      0x1d4 c:/ac6/systemworkbench/plugins/fr.ac6.mcu.externaltools.arm-none.win32_1.16.0.201807130628/tools/compiler/bin/../lib/gcc/arm-none-eabi/7.2.1/thumb/v6-m\libgcc.a(_divsi3.o)
                0x08003858                __divsi3
                0x08003858                __aeabi_idiv
                0x08003a24                __aeabi_idivmod
 .text          0x08003a2c        0x4 c:/ac6/systemworkbench/plugins/fr.ac6.mcu.externaltools.arm-none.win32_1.16.0.201807130628/tools/compiler/bin/../lib/gcc/arm-none-eabi/7.2.1/thumb/v6-m\libgcc.a(_dvmd_tls.o)
                0x08003a2c                __aeabi_idiv0
                0x08003a2c                __aeabi_ldiv0
 .text          0x08003a30       0x48 c:/ac6/systemworkbench/plugins/fr.ac6.mcu.externaltools.arm-none.win32_1.16.0.201807130628/tools/compiler/bin/../lib/gcc/arm-none-eabi/7.2.1/thumb/v6-m\libgcc.a(_aeabi_ldivmod.o)
                0x08003a30                __aeabi_ldivmod
 .text          0x08003a78       0x40 c:/ac6/systemworkbench/plugins/fr.ac6.mcu.externaltools.arm-none.win32_1.16.0.201807130628/tools/compiler/bin/../lib/gcc/arm-none-eabi/7.2.1/thumb/v6-m\libgcc.a(_aeabi_uldivmod.o)
                0x08003a78                __aeabi_uldivmod
 .text          0x08003ab8       0x54 c:/ac6/systemworkbench/plugins/fr.ac6.mcu.externaltools.arm-none.win32_1.16.0.201807130628/tools/compiler/bin/../lib/gcc/arm-none-eabi/7.2.1/thumb/v6-m\libgcc.a(_muldi3.o)
                0x08003ab8                __muldi3
                0x08003ab8                __aeabi_lmul
 .text          0x08003b0c      0x184 c:/ac6/systemworkbench/plugins/fr.ac6.mcu.externaltools.arm-none.win32_1.16.0.201807130628/tools/compiler/bin/../lib/gcc/arm-none-eabi/7.2.1/thumb/v6-m\libgcc.a(_udivmoddi4.o)
                0x08003b0c                __udivmoddi4
 .text          0x08003c90       0x38 c:/ac6/systemworkbench/plugins/fr.ac6.mcu.externaltools.arm-none.win32_1.16.0.201807130628/tools/compiler/bin/../lib/gcc/arm-none-eabi/7.2.1/thumb/v6-m\libgcc.a(bpabi.o)
                0x08003c90                __gnu_ldivmod_helper
 .text          0x08003cc8       0x18 c:/ac6/systemworkbench/plugins/fr.ac6.mcu.externaltools.arm-none.win32_1.16.0.201807130628/tools/compiler/bin/../lib/gcc/arm-none-eabi/7.2.1/thumb/v6-m\libgcc.a(_clzdi2.o)
                0x08003cc8                __clzdi2
 .text          0x08003ce0      0x1b0 c:/ac6/systemworkbench/plugins/fr.ac6.mcu.externaltools.arm-none.win32_1.16.0.201807130628/tools/compiler/bin/../lib/gcc/arm-none-eabi/7.2.1/thumb/v6-m\libgcc.a(_divdi3.o)
                0x08003ce0                __divdi3
 .text          0x08003e90       0x3c c:/ac6/systemworkbench/plugins/fr.ac6.mcu.externaltools.arm-none.win32_1.16.0.201807130628/tools/compiler/bin/../lib/gcc/arm-none-eabi/7.2.1/thumb/v6-m\libgcc.a(_clzsi2.o)
                0x08003e90                __clzsi2
 .text          0x08003ecc        0xe c:/ac6/systemworkbench/plugins/fr.ac6.mcu.externaltools.arm-none.win32_1.16.0.201807130628/tools/compiler/bin/../lib/gcc/arm-none-eabi/7.2.1/../../../../arm-none-eabi/lib/thumb/v6-m\libc_nano.a(lib_a-strlen.o)
                0x08003ecc                strlen
 *(.text*)
 *fill*         0x08003eda        0x2 
 .text.MX_GPIO_Init
                0x08003edc      0x160 Core/Src/gpio.o
                0x08003edc                MX_GPIO_Init
 .text.MX_IWDG_Init
                0x0800403c       0x38 Core/Src/iwdg.o
                0x0800403c                MX_IWDG_Init
 .text._Error_Handler
                0x08004074       0x14 Core/Src/main.o
                0x08004074                _Error_Handler
 .text.SystemClock_Config
                0x08004088       0xb4 Core/Src/main.o
                0x08004088                SystemClock_Config
 .text.main     0x0800413c       0x30 Core/Src/main.o
                0x0800413c                main
 .text.task     0x0800416c       0x3c Core/Src/project_main.o
                0x0800416c                task
 .text.loadConfig
                0x080041a8       0x6c Core/Src/project_main.o
                0x080041a8                loadConfig
 .text.project_setup
                0x08004214       0xd4 Core/Src/project_main.o
                0x08004214                project_setup
 .text.project_loop
                0x080042e8        0x2 Core/Src/project_main.o
                0x080042e8                project_loop
 *fill*         0x080042ea        0x2 
 .text.MX_RTC_Init
                0x080042ec       0xa4 Core/Src/rtc.o
                0x080042ec                MX_RTC_Init
 .text.HAL_RTC_MspInit
                0x08004390       0x34 Core/Src/rtc.o
                0x08004390                HAL_RTC_MspInit
 .text.MX_SPI1_Init
                0x080043c4       0x4c Core/Src/spi.o
                0x080043c4                MX_SPI1_Init
 .text.HAL_SPI_MspInit
                0x08004410       0x6c Core/Src/spi.o
                0x08004410                HAL_SPI_MspInit
 .text.HAL_MspInit
                0x0800447c       0x40 Core/Src/stm32l0xx_hal_msp.o
                0x0800447c                HAL_MspInit
 .text.NMI_Handler
                0x080044bc        0x2 Core/Src/stm32l0xx_it.o
                0x080044bc                NMI_Handler
 .text.HardFault_Handler
                0x080044be        0x2 Core/Src/stm32l0xx_it.o
                0x080044be                HardFault_Handler
 .text.SVC_Handler
                0x080044c0        0x2 Core/Src/stm32l0xx_it.o
                0x080044c0                SVC_Handler
 .text.PendSV_Handler
                0x080044c2        0x2 Core/Src/stm32l0xx_it.o
                0x080044c2                PendSV_Handler
 .text.SysTick_Handler
                0x080044c4        0xc Core/Src/stm32l0xx_it.o
                0x080044c4                SysTick_Handler
 .text.RTC_IRQHandler
                0x080044d0       0x10 Core/Src/stm32l0xx_it.o
                0x080044d0                RTC_IRQHandler
 .text.EXTI0_1_IRQHandler
                0x080044e0        0xa Core/Src/stm32l0xx_it.o
                0x080044e0                EXTI0_1_IRQHandler
 .text.EXTI4_15_IRQHandler
                0x080044ea        0xc Core/Src/stm32l0xx_it.o
                0x080044ea                EXTI4_15_IRQHandler
 *fill*         0x080044f6        0x2 
 .text.SPI1_IRQHandler
                0x080044f8       0x10 Core/Src/stm32l0xx_it.o
                0x080044f8                SPI1_IRQHandler
 .text.SystemInit
                0x08004508       0x5c Core/Src/system_stm32l0xx.o
                0x08004508                SystemInit
 .text.MX_TIM21_Init
                0x08004564       0x70 Core/Src/tim.o
                0x08004564                MX_TIM21_Init
 .text.HAL_TIM_Base_MspInit
                0x080045d4       0x20 Core/Src/tim.o
                0x080045d4                HAL_TIM_Base_MspInit
 .text.MX_LPUART1_UART_Init
                0x080045f4       0x40 Core/Src/usart.o
                0x080045f4                MX_LPUART1_UART_Init
 .text.MX_USART2_UART_Init
                0x08004634       0x44 Core/Src/usart.o
                0x08004634                MX_USART2_UART_Init
 .text.HAL_UART_MspInit
                0x08004678       0x7c Core/Src/usart.o
                0x08004678                HAL_UART_MspInit
 .text.HAL_InitTick
                0x080046f4       0x28 Drivers/STM32L0xx_HAL_Driver/Src/stm32l0xx_hal.o
                0x080046f4                HAL_InitTick
 .text.HAL_Init
                0x0800471c       0x20 Drivers/STM32L0xx_HAL_Driver/Src/stm32l0xx_hal.o
                0x0800471c                HAL_Init
 .text.HAL_IncTick
                0x0800473c       0x10 Drivers/STM32L0xx_HAL_Driver/Src/stm32l0xx_hal.o
                0x0800473c                HAL_IncTick
 .text.HAL_GetTick
                0x0800474c        0xc Drivers/STM32L0xx_HAL_Driver/Src/stm32l0xx_hal.o
                0x0800474c                HAL_GetTick
 .text.HAL_Delay
                0x08004758       0x1c Drivers/STM32L0xx_HAL_Driver/Src/stm32l0xx_hal.o
                0x08004758                HAL_Delay
 .text.HAL_SuspendTick
                0x08004774       0x10 Drivers/STM32L0xx_HAL_Driver/Src/stm32l0xx_hal.o
                0x08004774                HAL_SuspendTick
 .text.HAL_ResumeTick
                0x08004784       0x10 Drivers/STM32L0xx_HAL_Driver/Src/stm32l0xx_hal.o
                0x08004784                HAL_ResumeTick
 .text.HAL_NVIC_SetPriority
                0x08004794       0x60 Drivers/STM32L0xx_HAL_Driver/Src/stm32l0xx_hal_cortex.o
                0x08004794                HAL_NVIC_SetPriority
 .text.HAL_NVIC_EnableIRQ
                0x080047f4       0x14 Drivers/STM32L0xx_HAL_Driver/Src/stm32l0xx_hal_cortex.o
                0x080047f4                HAL_NVIC_EnableIRQ
 .text.HAL_NVIC_DisableIRQ
                0x08004808       0x14 Drivers/STM32L0xx_HAL_Driver/Src/stm32l0xx_hal_cortex.o
                0x08004808                HAL_NVIC_DisableIRQ
 .text.HAL_SYSTICK_Config
                0x0800481c       0x38 Drivers/STM32L0xx_HAL_Driver/Src/stm32l0xx_hal_cortex.o
                0x0800481c                HAL_SYSTICK_Config
 .text.HAL_SYSTICK_CLKSourceConfig
                0x08004854       0x20 Drivers/STM32L0xx_HAL_Driver/Src/stm32l0xx_hal_cortex.o
                0x08004854                HAL_SYSTICK_CLKSourceConfig
 .text.HAL_SYSTICK_IRQHandler
                0x08004874        0x8 Drivers/STM32L0xx_HAL_Driver/Src/stm32l0xx_hal_cortex.o
                0x08004874                HAL_SYSTICK_IRQHandler
 .text.HAL_GPIO_Init
                0x0800487c      0x18c Drivers/STM32L0xx_HAL_Driver/Src/stm32l0xx_hal_gpio.o
                0x0800487c                HAL_GPIO_Init
 .text.HAL_GPIO_WritePin
                0x08004a08        0xc Drivers/STM32L0xx_HAL_Driver/Src/stm32l0xx_hal_gpio.o
                0x08004a08                HAL_GPIO_WritePin
 .text.HAL_GPIO_EXTI_IRQHandler
                0x08004a14       0x1c Drivers/STM32L0xx_HAL_Driver/Src/stm32l0xx_hal_gpio.o
                0x08004a14                HAL_GPIO_EXTI_IRQHandler
 .text.HAL_IWDG_Init
                0x08004a30       0x60 Drivers/STM32L0xx_HAL_Driver/Src/stm32l0xx_hal_iwdg.o
                0x08004a30                HAL_IWDG_Init
 .text.HAL_IWDG_Refresh
                0x08004a90       0x10 Drivers/STM32L0xx_HAL_Driver/Src/stm32l0xx_hal_iwdg.o
                0x08004a90                HAL_IWDG_Refresh
 .text.HAL_PWR_DisableWakeUpPin
                0x08004aa0       0x10 Drivers/STM32L0xx_HAL_Driver/Src/stm32l0xx_hal_pwr.o
                0x08004aa0                HAL_PWR_DisableWakeUpPin
 .text.HAL_PWR_EnterSTOPMode
                0x08004ab0       0x3c Drivers/STM32L0xx_HAL_Driver/Src/stm32l0xx_hal_pwr.o
                0x08004ab0                HAL_PWR_EnterSTOPMode
 .text.HAL_PWREx_EnableFastWakeUp
                0x08004aec       0x14 Drivers/STM32L0xx_HAL_Driver/Src/stm32l0xx_hal_pwr_ex.o
                0x08004aec                HAL_PWREx_EnableFastWakeUp
 .text.HAL_PWREx_EnableUltraLowPower
                0x08004b00       0x14 Drivers/STM32L0xx_HAL_Driver/Src/stm32l0xx_hal_pwr_ex.o
                0x08004b00                HAL_PWREx_EnableUltraLowPower
 .text.RCC_SetFlashLatencyFromMSIRange
                0x08004b14       0x80 Drivers/STM32L0xx_HAL_Driver/Src/stm32l0xx_hal_rcc.o
 .text.HAL_RCC_OscConfig
                0x08004b94      0x580 Drivers/STM32L0xx_HAL_Driver/Src/stm32l0xx_hal_rcc.o
                0x08004b94                HAL_RCC_OscConfig
 .text.HAL_RCC_GetSysClockFreq
                0x08005114       0xb0 Drivers/STM32L0xx_HAL_Driver/Src/stm32l0xx_hal_rcc.o
                0x08005114                HAL_RCC_GetSysClockFreq
 .text.HAL_RCC_ClockConfig
                0x080051c4      0x1a0 Drivers/STM32L0xx_HAL_Driver/Src/stm32l0xx_hal_rcc.o
                0x080051c4                HAL_RCC_ClockConfig
 .text.HAL_RCC_GetHCLKFreq
                0x08005364        0xc Drivers/STM32L0xx_HAL_Driver/Src/stm32l0xx_hal_rcc.o
                0x08005364                HAL_RCC_GetHCLKFreq
 .text.HAL_RCC_GetPCLK1Freq
                0x08005370       0x20 Drivers/STM32L0xx_HAL_Driver/Src/stm32l0xx_hal_rcc.o
                0x08005370                HAL_RCC_GetPCLK1Freq
 .text.HAL_RCC_GetPCLK2Freq
                0x08005390       0x20 Drivers/STM32L0xx_HAL_Driver/Src/stm32l0xx_hal_rcc.o
                0x08005390                HAL_RCC_GetPCLK2Freq
 .text.HAL_RCCEx_PeriphCLKConfig
                0x080053b0      0x1fc Drivers/STM32L0xx_HAL_Driver/Src/stm32l0xx_hal_rcc_ex.o
                0x080053b0                HAL_RCCEx_PeriphCLKConfig
 .text.HAL_RCCEx_GetPeriphCLKFreq
                0x080055ac      0x268 Drivers/STM32L0xx_HAL_Driver/Src/stm32l0xx_hal_rcc_ex.o
                0x080055ac                HAL_RCCEx_GetPeriphCLKFreq
 .text.HAL_RTC_WaitForSynchro
                0x08005814       0x32 Drivers/STM32L0xx_HAL_Driver/Src/stm32l0xx_hal_rtc.o
                0x08005814                HAL_RTC_WaitForSynchro
 .text.RTC_EnterInitMode
                0x08005846       0x3a Drivers/STM32L0xx_HAL_Driver/Src/stm32l0xx_hal_rtc.o
                0x08005846                RTC_EnterInitMode
 .text.HAL_RTC_Init
                0x08005880       0xac Drivers/STM32L0xx_HAL_Driver/Src/stm32l0xx_hal_rtc.o
                0x08005880                HAL_RTC_Init
 .text.RTC_ByteToBcd2
                0x0800592c       0x16 Drivers/STM32L0xx_HAL_Driver/Src/stm32l0xx_hal_rtc.o
                0x0800592c                RTC_ByteToBcd2
 *fill*         0x08005942        0x2 
 .text.HAL_RTC_SetTime
                0x08005944      0x110 Drivers/STM32L0xx_HAL_Driver/Src/stm32l0xx_hal_rtc.o
                0x08005944                HAL_RTC_SetTime
 .text.HAL_RTC_SetDate
                0x08005a54       0xec Drivers/STM32L0xx_HAL_Driver/Src/stm32l0xx_hal_rtc.o
                0x08005a54                HAL_RTC_SetDate
 .text.RTC_Bcd2ToByte
                0x08005b40       0x12 Drivers/STM32L0xx_HAL_Driver/Src/stm32l0xx_hal_rtc.o
                0x08005b40                RTC_Bcd2ToByte
 *fill*         0x08005b52        0x2 
 .text.HAL_RTC_GetTime
                0x08005b54       0x58 Drivers/STM32L0xx_HAL_Driver/Src/stm32l0xx_hal_rtc.o
                0x08005b54                HAL_RTC_GetTime
 .text.HAL_RTC_GetDate
                0x08005bac       0x48 Drivers/STM32L0xx_HAL_Driver/Src/stm32l0xx_hal_rtc.o
                0x08005bac                HAL_RTC_GetDate
 .text.HAL_RTCEx_SetWakeUpTimer_IT
                0x08005bf4      0x114 Drivers/STM32L0xx_HAL_Driver/Src/stm32l0xx_hal_rtc_ex.o
                0x08005bf4                HAL_RTCEx_SetWakeUpTimer_IT
 .text.HAL_RTCEx_DeactivateWakeUpTimer
                0x08005d08       0x8c Drivers/STM32L0xx_HAL_Driver/Src/stm32l0xx_hal_rtc_ex.o
                0x08005d08                HAL_RTCEx_DeactivateWakeUpTimer
 .text.HAL_RTCEx_WakeUpTimerIRQHandler
                0x08005d94       0x38 Drivers/STM32L0xx_HAL_Driver/Src/stm32l0xx_hal_rtc_ex.o
                0x08005d94                HAL_RTCEx_WakeUpTimerIRQHandler
 .text.SPI_WaitOnFlagUntilTimeout
                0x08005dcc       0xf0 Drivers/STM32L0xx_HAL_Driver/Src/stm32l0xx_hal_spi.o
 .text.HAL_SPI_Init
                0x08005ebc       0x88 Drivers/STM32L0xx_HAL_Driver/Src/stm32l0xx_hal_spi.o
                0x08005ebc                HAL_SPI_Init
 .text.HAL_SPI_Transmit
                0x08005f44      0x1e4 Drivers/STM32L0xx_HAL_Driver/Src/stm32l0xx_hal_spi.o
                0x08005f44                HAL_SPI_Transmit
 .text.HAL_SPI_TransmitReceive
                0x08006128      0x3ac Drivers/STM32L0xx_HAL_Driver/Src/stm32l0xx_hal_spi.o
                0x08006128                HAL_SPI_TransmitReceive
 .text.HAL_SPI_ErrorCallback
                0x080064d4        0x2 Drivers/STM32L0xx_HAL_Driver/Src/stm32l0xx_hal_spi.o
                0x080064d4                HAL_SPI_ErrorCallback
 .text.HAL_SPI_IRQHandler
                0x080064d6       0xba Drivers/STM32L0xx_HAL_Driver/Src/stm32l0xx_hal_spi.o
                0x080064d6                HAL_SPI_IRQHandler
 .text.TIM_Base_SetConfig
                0x08006590       0x58 Drivers/STM32L0xx_HAL_Driver/Src/stm32l0xx_hal_tim.o
 .text.TIM_TI1_ConfigInputStage
                0x080065e8       0x22 Drivers/STM32L0xx_HAL_Driver/Src/stm32l0xx_hal_tim.o
 *fill*         0x0800660a        0x2 
 .text.TIM_TI2_ConfigInputStage
                0x0800660c       0x28 Drivers/STM32L0xx_HAL_Driver/Src/stm32l0xx_hal_tim.o
 .text.TIM_ITRx_SetConfig
                0x08006634       0x10 Drivers/STM32L0xx_HAL_Driver/Src/stm32l0xx_hal_tim.o
 .text.TIM_ETR_SetConfig
                0x08006644       0x18 Drivers/STM32L0xx_HAL_Driver/Src/stm32l0xx_hal_tim.o
 .text.HAL_TIM_Base_Init
                0x0800665c       0x34 Drivers/STM32L0xx_HAL_Driver/Src/stm32l0xx_hal_tim.o
                0x0800665c                HAL_TIM_Base_Init
 .text.HAL_TIM_ConfigClockSource
                0x08006690      0x118 Drivers/STM32L0xx_HAL_Driver/Src/stm32l0xx_hal_tim.o
                0x08006690                HAL_TIM_ConfigClockSource
 .text.HAL_TIMEx_MasterConfigSynchronization
                0x080067a8       0x4c Drivers/STM32L0xx_HAL_Driver/Src/stm32l0xx_hal_tim_ex.o
                0x080067a8                HAL_TIMEx_MasterConfigSynchronization
 .text.UART_SetConfig
                0x080067f4      0x33c Drivers/STM32L0xx_HAL_Driver/Src/stm32l0xx_hal_uart.o
                0x080067f4                UART_SetConfig
 .text.UART_AdvFeatureConfig
                0x08006b30       0xe0 Drivers/STM32L0xx_HAL_Driver/Src/stm32l0xx_hal_uart.o
                0x08006b30                UART_AdvFeatureConfig
 .text.UART_WaitOnFlagUntilTimeout
                0x08006c10       0x6c Drivers/STM32L0xx_HAL_Driver/Src/stm32l0xx_hal_uart.o
                0x08006c10                UART_WaitOnFlagUntilTimeout
 .text.HAL_UART_Transmit
                0x08006c7c       0xe2 Drivers/STM32L0xx_HAL_Driver/Src/stm32l0xx_hal_uart.o
                0x08006c7c                HAL_UART_Transmit
 *fill*         0x08006d5e        0x2 
 .text.UART_CheckIdleState
                0x08006d60       0x70 Drivers/STM32L0xx_HAL_Driver/Src/stm32l0xx_hal_uart.o
                0x08006d60                UART_CheckIdleState
 .text.HAL_UART_Init
                0x08006dd0       0x70 Drivers/STM32L0xx_HAL_Driver/Src/stm32l0xx_hal_uart.o
                0x08006dd0                HAL_UART_Init
 .text.eeprom_m95640_chipSelected
                0x08006e40        0xc ItSdk/Src/drivers/eeprom/m95640/m95640.o
                0x08006e40                eeprom_m95640_chipSelected
 .text.eeprom_m95640_chipUnSelected
                0x08006e4c        0xc ItSdk/Src/drivers/eeprom/m95640/m95640.o
                0x08006e4c                eeprom_m95640_chipUnSelected
 .text.eeprom_m95640_hwInit
                0x08006e58        0x8 ItSdk/Src/drivers/eeprom/m95640/m95640.o
                0x08006e58                eeprom_m95640_hwInit
 .text.eeprom_m95640_getStatus
                0x08006e60       0x3c ItSdk/Src/drivers/eeprom/m95640/m95640.o
                0x08006e60                eeprom_m95640_getStatus
 .text.eeprom_m95640_ensureEndOfWrite
                0x08006e9c       0x50 ItSdk/Src/drivers/eeprom/m95640/m95640.o
                0x08006e9c                eeprom_m95640_ensureEndOfWrite
 .text.eeprom_m95640_enableWrite
                0x08006eec       0x38 ItSdk/Src/drivers/eeprom/m95640/m95640.o
                0x08006eec                eeprom_m95640_enableWrite
 .text.eeprom_m95640_access
                0x08006f24       0x7e ItSdk/Src/drivers/eeprom/m95640/m95640.o
                0x08006f24                eeprom_m95640_access
 .text.eeprom_m95640_read
                0x08006fa2       0x10 ItSdk/Src/drivers/eeprom/m95640/m95640.o
                0x08006fa2                eeprom_m95640_read
 .text.eeprom_m95640_write
                0x08006fb2       0x10 ItSdk/Src/drivers/eeprom/m95640/m95640.o
                0x08006fb2                eeprom_m95640_write
 *fill*         0x08006fc2        0x2 
 .text.eeprom_m95640_setSRWD
                0x08006fc4       0x44 ItSdk/Src/drivers/eeprom/m95640/m95640.o
                0x08006fc4                eeprom_m95640_setSRWD
 .text.eeprom_m95640_init
                0x08007008       0x74 ItSdk/Src/drivers/eeprom/m95640/m95640.o
                0x08007008                eeprom_m95640_init
 .text.s2lp_shutdown
                0x0800707c        0xe ItSdk/Src/drivers/s2lp/s2lp.o
                0x0800707c                s2lp_shutdown
 .text.s2lp_wakeup
                0x0800708a        0xe ItSdk/Src/drivers/s2lp/s2lp.o
                0x0800708a                s2lp_wakeup
 .text.s2lp_hwInit
                0x08007098        0xc ItSdk/Src/drivers/s2lp/s2lp.o
                0x08007098                s2lp_hwInit
 .text.s2lp_init
                0x080070a4       0x78 ItSdk/Src/drivers/s2lp/s2lp.o
                0x080070a4                s2lp_init
 .text.s2lp_loadConfigFromEeprom
                0x0800711c       0xdc ItSdk/Src/drivers/s2lp/s2lp.o
                0x0800711c                s2lp_loadConfigFromEeprom
 .text.s2lp_printConfig
                0x080071f8       0xf0 ItSdk/Src/drivers/s2lp/s2lp.o
                0x080071f8                s2lp_printConfig
 .text.s2lp_applyConfig
                0x080072e8       0x16 ItSdk/Src/drivers/s2lp/s2lp.o
                0x080072e8                s2lp_applyConfig
 *fill*         0x080072fe        0x2 
 .text.s2lp_loadConfiguration
                0x08007300       0x7c ItSdk/Src/drivers/s2lp/s2lp.o
                0x08007300                s2lp_loadConfiguration
 .text.s2lp_spi_setCsLow
                0x0800737c        0xc ItSdk/Src/drivers/s2lp/s2lp_spi.o
                0x0800737c                s2lp_spi_setCsLow
 .text.s2lp_spi_setCsHigh
                0x08007388        0xc ItSdk/Src/drivers/s2lp/s2lp_spi.o
                0x08007388                s2lp_spi_setCsHigh
 .text.s2lp_spi_accessRegisters
                0x08007394       0xda ItSdk/Src/drivers/s2lp/s2lp_spi.o
                0x08007394                s2lp_spi_accessRegisters
 *fill*         0x0800746e        0x2 
 .text.s2lp_spi_accessRaw
                0x08007470       0x80 ItSdk/Src/drivers/s2lp/s2lp_spi.o
                0x08007470                s2lp_spi_accessRaw
 .text.s2lp_spi_readRegisters
                0x080074f0       0x1e ItSdk/Src/drivers/s2lp/s2lp_spi.o
                0x080074f0                s2lp_spi_readRegisters
 *fill*         0x0800750e        0x2 
 .text.priv_ST_MCU_API_delay
                0x08007510       0x18 ItSdk/Src/drivers/s2lp/st_lib_api.o
 .text.__GPIO_IRQHandler
                0x08007528       0x24 ItSdk/Src/drivers/s2lp/st_lib_api.o
                0x08007528                __GPIO_IRQHandler
 .text.__TIMER_Handler
                0x0800754c       0x14 ItSdk/Src/drivers/s2lp/st_lib_api.o
                0x0800754c                __TIMER_Handler
 .text.__RTC_IRQHandler2
                0x08007560       0x38 ItSdk/Src/drivers/s2lp/st_lib_api.o
                0x08007560                __RTC_IRQHandler2
 .text.itsdk_sigfox_configInit
                0x08007598        0xc ItSdk/Src/drivers/s2lp/st_lib_api.o
                0x08007598                itsdk_sigfox_configInit
 .text.MCU_API_malloc
                0x080075a4       0x34 ItSdk/Src/drivers/s2lp/st_lib_api.o
                0x080075a4                MCU_API_malloc
 .text.MCU_API_free
                0x080075d8       0x10 ItSdk/Src/drivers/s2lp/st_lib_api.o
                0x080075d8                MCU_API_free
 .text.MCU_API_get_voltage_temperature
                0x080075e8       0x3c ItSdk/Src/drivers/s2lp/st_lib_api.o
                0x080075e8                MCU_API_get_voltage_temperature
 .text.MCU_API_delay
                0x08007624       0x40 ItSdk/Src/drivers/s2lp/st_lib_api.o
                0x08007624                MCU_API_delay
 .text.MCU_API_aes_128_cbc_encrypt
                0x08007664       0x90 ItSdk/Src/drivers/s2lp/st_lib_api.o
                0x08007664                MCU_API_aes_128_cbc_encrypt
 .text.MCU_API_get_nv_mem
                0x080076f4       0x24 ItSdk/Src/drivers/s2lp/st_lib_api.o
                0x080076f4                MCU_API_get_nv_mem
 .text.MCU_API_set_nv_mem
                0x08007718       0x44 ItSdk/Src/drivers/s2lp/st_lib_api.o
                0x08007718                MCU_API_set_nv_mem
 .text.MCU_API_report_test_result
                0x0800775c       0x10 ItSdk/Src/drivers/s2lp/st_lib_api.o
                0x0800775c                MCU_API_report_test_result
 .text.MCU_API_get_version
                0x0800776c       0x20 ItSdk/Src/drivers/s2lp/st_lib_api.o
                0x0800776c                MCU_API_get_version
 .text.MCU_API_get_device_id_and_payload_encryption_flag
                0x0800778c       0x54 ItSdk/Src/drivers/s2lp/st_lib_api.o
                0x0800778c                MCU_API_get_device_id_and_payload_encryption_flag
 .text.MCU_API_get_initial_pac
                0x080077e0       0x44 ItSdk/Src/drivers/s2lp/st_lib_api.o
                0x080077e0                MCU_API_get_initial_pac
 .text.ST_MCU_API_Shutdown
                0x08007824       0x28 ItSdk/Src/drivers/s2lp/st_lib_api.o
                0x08007824                ST_MCU_API_Shutdown
 .text.ST_MCU_API_SpiRaw
                0x0800784c       0x10 ItSdk/Src/drivers/s2lp/st_lib_api.o
                0x0800784c                ST_MCU_API_SpiRaw
 .text.EepromRead
                0x0800785c       0x24 ItSdk/Src/drivers/s2lp/st_lib_api.o
                0x0800785c                EepromRead
 .text.NVM_ReadBoardData
                0x08007880       0x10 ItSdk/Src/drivers/s2lp/st_lib_api.o
                0x08007880                NVM_ReadBoardData
 .text.NVM_Read
                0x08007890       0x20 ItSdk/Src/drivers/s2lp/st_lib_api.o
                0x08007890                NVM_Read
 .text.ST_MCU_API_GpioIRQ
                0x080078b0       0xa4 ItSdk/Src/drivers/s2lp/st_lib_api.o
                0x080078b0                ST_MCU_API_GpioIRQ
 .text.ST_MCU_API_WaitForInterrupt
                0x08007954       0x34 ItSdk/Src/drivers/s2lp/st_lib_api.o
                0x08007954                ST_MCU_API_WaitForInterrupt
 .text.MCU_API_timer_start
                0x08007988       0x4c ItSdk/Src/drivers/s2lp/st_lib_api.o
                0x08007988                MCU_API_timer_start
 .text.MCU_API_timer_stop
                0x080079d4       0x1c ItSdk/Src/drivers/s2lp/st_lib_api.o
                0x080079d4                MCU_API_timer_stop
 .text.MCU_API_timer_wait_for_end
                0x080079f0       0x24 ItSdk/Src/drivers/s2lp/st_lib_api.o
                0x080079f0                MCU_API_timer_wait_for_end
 .text.MCU_API_timer_start_carrier_sense
                0x08007a14       0x14 ItSdk/Src/drivers/s2lp/st_lib_api.o
                0x08007a14                MCU_API_timer_start_carrier_sense
 .text.MCU_API_timer_stop_carrier_sense
                0x08007a28       0x2c ItSdk/Src/drivers/s2lp/st_lib_api.o
                0x08007a28                MCU_API_timer_stop_carrier_sense
 .text.enc_search4key
                0x08007a54       0x60 ItSdk/Src/drivers/s2lp/st_lib_api.o
                0x08007a54                enc_search4key
 .text.enc_retreive_key
                0x08007ab4       0x40 ItSdk/Src/drivers/s2lp/st_lib_api.o
                0x08007ab4                enc_retreive_key
 .text.sigfox_init
                0x08007af4       0x30 ItSdk/Src/drivers/sigfox/sigfox_helper.o
                0x08007af4                sigfox_init
 .text.eeprom_write
                0x08007b24       0x3c ItSdk/Src/it_sdk/eeprom/eeprom.o
                0x08007b24                eeprom_write
 .text.eeprom_read
                0x08007b60       0x70 ItSdk/Src/it_sdk/eeprom/eeprom.o
                0x08007b60                eeprom_read
 .text.log_init
                0x08007bd0       0xc4 ItSdk/Src/it_sdk/logger/logger.o
                0x08007bd0                log_init
 .text.log_error
                0x08007c94       0x5c ItSdk/Src/it_sdk/logger/logger.o
                0x08007c94                log_error
 .text.log_warn
                0x08007cf0       0x5c ItSdk/Src/it_sdk/logger/logger.o
                0x08007cf0                log_warn
 .text.log_info
                0x08007d4c       0x5c ItSdk/Src/it_sdk/logger/logger.o
                0x08007d4c                log_info
 .text.log_debug
                0x08007da8       0x5c ItSdk/Src/it_sdk/logger/logger.o
                0x08007da8                log_debug
 .text.lowPower_switch
                0x08007e04        0xc ItSdk/Src/it_sdk/lowpower/lowpower.o
                0x08007e04                lowPower_switch
 .text.itsdk_setup
                0x08007e10       0x14 ItSdk/Src/it_sdk/main.o
                0x08007e10                itsdk_setup
 .text.itsdk_loop
                0x08007e24       0x18 ItSdk/Src/it_sdk/main.o
                0x08007e24                itsdk_loop
 .text.calculateCRC32
                0x08007e3c       0x40 ItSdk/Src/it_sdk/tool.o
                0x08007e3c                calculateCRC32
 .text.itdt_sched_registerSched
                0x08007e7c       0x6c ItSdk/Src/it_sdk/sched/scheduler.o
                0x08007e7c                itdt_sched_registerSched
 .text.itdt_sched_execute
                0x08007ee8       0xcc ItSdk/Src/it_sdk/sched/scheduler.o
                0x08007ee8                itdt_sched_execute
 .text.itsdk_time_add_us
                0x08007fb4       0x7c ItSdk/Src/it_sdk/time/time.o
                0x08007fb4                itsdk_time_add_us
 .text.itsdk_time_set_ms
                0x08008030       0x38 ItSdk/Src/it_sdk/time/time.o
                0x08008030                itsdk_time_set_ms
 .text.itsdk_time_get_ms
                0x08008068       0x18 ItSdk/Src/it_sdk/time/time.o
                0x08008068                itsdk_time_get_ms
 .text.itsdk_time_reset
                0x08008080       0x18 ItSdk/Src/it_sdk/time/time.o
                0x08008080                itsdk_time_reset
 .text.itsdk_stimer_register
                0x08008098       0x60 ItSdk/Src/it_sdk/time/timer.o
                0x08008098                itsdk_stimer_register
 .text.itsdk_stimer_stop
                0x080080f8       0x40 ItSdk/Src/it_sdk/time/timer.o
                0x080080f8                itsdk_stimer_stop
 .text.itsdk_stimer_isRunning
                0x08008138       0x38 ItSdk/Src/it_sdk/time/timer.o
                0x08008138                itsdk_stimer_isRunning
 .text.itsdk_stimer_run
                0x08008170       0x48 ItSdk/Src/it_sdk/time/timer.o
                0x08008170                itsdk_stimer_run
 .text.readADC  0x080081b8      0x160 ItSdk/Src/stm32l_sdk/adc/adc.o
                0x080081b8                readADC
 .text.adc_getTemperature
                0x08008318       0x48 ItSdk/Src/stm32l_sdk/adc/adc.o
                0x08008318                adc_getTemperature
 .text.adc_getValue
                0x08008360       0xa0 ItSdk/Src/stm32l_sdk/adc/adc.o
                0x08008360                adc_getValue
 .text.adc_getVdd
                0x08008400        0xa ItSdk/Src/stm32l_sdk/adc/adc.o
                0x08008400                adc_getVdd
 *fill*         0x0800840a        0x2 
 .text.getPortFromBankId
                0x0800840c       0x48 ItSdk/Src/stm32l_sdk/gpio_wrapper.o
                0x0800840c                getPortFromBankId
 .text.getIrqFromBankPin
                0x08008454       0x14 ItSdk/Src/stm32l_sdk/gpio_wrapper.o
                0x08008454                getIrqFromBankPin
 .text.gpio_configure
                0x08008468      0x130 ItSdk/Src/stm32l_sdk/gpio_wrapper.o
                0x08008468                gpio_configure
 .text.gpio_set
                0x08008598       0x12 ItSdk/Src/stm32l_sdk/gpio_wrapper.o
                0x08008598                gpio_set
 .text.gpio_reset
                0x080085aa       0x12 ItSdk/Src/stm32l_sdk/gpio_wrapper.o
                0x080085aa                gpio_reset
 .text.gpio_interruptEnable
                0x080085bc        0xc ItSdk/Src/stm32l_sdk/gpio_wrapper.o
                0x080085bc                gpio_interruptEnable
 .text.gpio_interruptDisable
                0x080085c8        0xc ItSdk/Src/stm32l_sdk/gpio_wrapper.o
                0x080085c8                gpio_interruptDisable
 .text.gpio_interruptPriority
                0x080085d4       0x14 ItSdk/Src/stm32l_sdk/gpio_wrapper.o
                0x080085d4                gpio_interruptPriority
 .text.gpio_interruptClear
                0x080085e8        0xc ItSdk/Src/stm32l_sdk/gpio_wrapper.o
                0x080085e8                gpio_interruptClear
 .text.HAL_GPIO_EXTI_Callback
                0x080085f4       0x28 ItSdk/Src/stm32l_sdk/gpio_wrapper.o
                0x080085f4                HAL_GPIO_EXTI_Callback
 .text.gpio_registerIrqAction
                0x0800861c       0x2c ItSdk/Src/stm32l_sdk/gpio_wrapper.o
                0x0800861c                gpio_registerIrqAction
 .text.gpio_removeIrqAction
                0x08008648       0x20 ItSdk/Src/stm32l_sdk/gpio_wrapper.o
                0x08008648                gpio_removeIrqAction
 .text.itsdk_getResetCause
                0x08008668       0x5c ItSdk/Src/stm32l_sdk/misc_wrapper.o
                0x08008668                itsdk_getResetCause
 .text.itsdk_cleanResetCause
                0x080086c4       0x14 ItSdk/Src/stm32l_sdk/misc_wrapper.o
                0x080086c4                itsdk_cleanResetCause
 .text.itsdk_delayMs
                0x080086d8        0x8 ItSdk/Src/stm32l_sdk/misc_wrapper.o
                0x080086d8                itsdk_delayMs
 .text.serial1_print
                0x080086e0       0x20 ItSdk/Src/stm32l_sdk/uart_wrapper.o
                0x080086e0                serial1_print
 .text.serial2_print
                0x08008700       0x20 ItSdk/Src/stm32l_sdk/uart_wrapper.o
                0x08008700                serial2_print
 .text.debug_print
                0x08008720        0x2 ItSdk/Src/stm32l_sdk/uart_wrapper.o
                0x08008720                debug_print
 .text.__eepromRead
                0x08008722        0x4 ItSdk/Src/stm32l_sdk/eeprom/eeprom.o
                0x08008722                __eepromRead
 *fill*         0x08008726        0x2 
 .text._eeprom_read
                0x08008728       0x6c ItSdk/Src/stm32l_sdk/eeprom/eeprom.o
                0x08008728                _eeprom_read
 .text.__eepromWrite
                0x08008794       0x54 ItSdk/Src/stm32l_sdk/eeprom/eeprom.o
                0x08008794                __eepromWrite
 .text._eeprom_write
                0x080087e8       0xbc ItSdk/Src/stm32l_sdk/eeprom/eeprom.o
                0x080087e8                _eeprom_write
 .text.__LP_GPIO_IRQHandler
                0x080088a4       0x1c ItSdk/Src/stm32l_sdk/lowpower/lowpower.o
                0x080088a4                __LP_GPIO_IRQHandler
 .text.stm32l_lowPowerResume
                0x080088c0       0x30 ItSdk/Src/stm32l_sdk/lowpower/lowpower.o
                0x080088c0                stm32l_lowPowerResume
 .text.__GpioAnalog
                0x080088f0       0x30 ItSdk/Src/stm32l_sdk/lowpower/lowpower.o
                0x080088f0                __GpioAnalog
 .text._stm32l_disableGpios
                0x08008920       0x60 ItSdk/Src/stm32l_sdk/lowpower/lowpower.o
                0x08008920                _stm32l_disableGpios
 .text.stm32l_lowPowerSetup
                0x08008980       0x64 ItSdk/Src/stm32l_sdk/lowpower/lowpower.o
                0x08008980                stm32l_lowPowerSetup
 .text.rtc_getTicksFromDuration
                0x080089e4       0x16 ItSdk/Src/stm32l_sdk/rtc/rtc.o
                0x080089e4                rtc_getTicksFromDuration
 *fill*         0x080089fa        0x2 
 .text.rtc_runRtcUntilTicks
                0x080089fc       0x14 ItSdk/Src/stm32l_sdk/rtc/rtc.o
                0x080089fc                rtc_runRtcUntilTicks
 .text.rtc_runRtcUntil
                0x08008a10        0xc ItSdk/Src/stm32l_sdk/rtc/rtc.o
                0x08008a10                rtc_runRtcUntil
 .text.rtc_disableWakeUp
                0x08008a1c       0x10 ItSdk/Src/stm32l_sdk/rtc/rtc.o
                0x08008a1c                rtc_disableWakeUp
 .text.rtc_getTimestampMs
                0x08008a2c       0x90 ItSdk/Src/stm32l_sdk/rtc/rtc.o
                0x08008a2c                rtc_getTimestampMs
 .text.rtc_resetTime
                0x08008abc       0x4c ItSdk/Src/stm32l_sdk/rtc/rtc.o
                0x08008abc                rtc_resetTime
 .text.rtc_prepareSleepTime
                0x08008b08       0x38 ItSdk/Src/stm32l_sdk/rtc/rtc.o
                0x08008b08                rtc_prepareSleepTime
 .text.rtc_configure4LowPower
                0x08008b40       0x10 ItSdk/Src/stm32l_sdk/rtc/rtc.o
                0x08008b40                rtc_configure4LowPower
 .text.rtc_updateTimeAfterSleepTime
                0x08008b50       0x18 ItSdk/Src/stm32l_sdk/rtc/rtc.o
                0x08008b50                rtc_updateTimeAfterSleepTime
 .text.rtc_disable4LowPower
                0x08008b68        0xc ItSdk/Src/stm32l_sdk/rtc/rtc.o
                0x08008b68                rtc_disable4LowPower
 .text.HAL_RTCEx_WakeUpTimerEventCallback
                0x08008b74       0x3c ItSdk/Src/stm32l_sdk/rtc/rtc.o
                0x08008b74                HAL_RTCEx_WakeUpTimerEventCallback
 .text.rtc_removeIrqAction
                0x08008bb0       0x24 ItSdk/Src/stm32l_sdk/rtc/rtc.o
                0x08008bb0                rtc_removeIrqAction
 .text.HAL_SYSTICK_Callback
                0x08008bd4       0x24 ItSdk/Src/stm32l_sdk/rtc/systick.o
                0x08008bd4                HAL_SYSTICK_Callback
 .text.spi_rwRegister
                0x08008bf8       0x12 ItSdk/Src/stm32l_sdk/spi/spi.o
                0x08008bf8                spi_rwRegister
 .text.spi_readRegister
                0x08008c0a       0x12 ItSdk/Src/stm32l_sdk/spi/spi.o
                0x08008c0a                spi_readRegister
 .text.spi_wait4TransactionEnd
                0x08008c1c        0xa ItSdk/Src/stm32l_sdk/spi/spi.o
                0x08008c1c                spi_wait4TransactionEnd
 .text.spi_write_byte
                0x08008c26       0x20 ItSdk/Src/stm32l_sdk/spi/spi.o
                0x08008c26                spi_write_byte
 *fill*         0x08008c46        0x2 
 .text.wdg_setupWithMaxMs
                0x08008c48       0x68 ItSdk/Src/stm32l_sdk/wdg/watchdog.o
                0x08008c48                wdg_setupWithMaxMs
 .text.wdg_refresh
                0x08008cb0       0x10 ItSdk/Src/stm32l_sdk/wdg/watchdog.o
                0x08008cb0                wdg_refresh
 .text.Reset_Handler
                0x08008cc0       0x50 startup/startup_stm32l053xx.o
                0x08008cc0                Reset_Handler
 .text.Default_Handler
                0x08008d10        0x2 startup/startup_stm32l053xx.o
                0x08008d10                TSC_IRQHandler
                0x08008d10                ADC1_COMP_IRQHandler
                0x08008d10                PVD_IRQHandler
                0x08008d10                I2C1_IRQHandler
                0x08008d10                RCC_CRS_IRQHandler
                0x08008d10                TIM6_DAC_IRQHandler
                0x08008d10                EXTI2_3_IRQHandler
                0x08008d10                I2C2_IRQHandler
                0x08008d10                LCD_IRQHandler
                0x08008d10                DMA1_Channel4_5_6_7_IRQHandler
                0x08008d10                DMA1_Channel1_IRQHandler
                0x08008d10                Default_Handler
                0x08008d10                TIM22_IRQHandler
                0x08008d10                USB_IRQHandler
                0x08008d10                SPI2_IRQHandler
                0x08008d10                TIM21_IRQHandler
                0x08008d10                WWDG_IRQHandler
                0x08008d10                TIM2_IRQHandler
                0x08008d10                DMA1_Channel2_3_IRQHandler
                0x08008d10                USART2_IRQHandler
                0x08008d10                FLASH_IRQHandler
                0x08008d10                USART1_IRQHandler
                0x08008d10                RNG_LPUART1_IRQHandler
                0x08008d10                LPTIM1_IRQHandler
 .text.__aeabi_memclr
                0x08008d12        0xa c:/ac6/systemworkbench/plugins/fr.ac6.mcu.externaltools.arm-none.win32_1.16.0.201807130628/tools/compiler/bin/../lib/gcc/arm-none-eabi/7.2.1/../../../../arm-none-eabi/lib/thumb/v6-m\libc_nano.a(lib_a-aeabi_memclr.o)
                0x08008d12                __aeabi_memclr
                0x08008d12                __aeabi_memclr4
                0x08008d12                __aeabi_memclr8
 .text.__aeabi_memcpy
                0x08008d1c        0x8 c:/ac6/systemworkbench/plugins/fr.ac6.mcu.externaltools.arm-none.win32_1.16.0.201807130628/tools/compiler/bin/../lib/gcc/arm-none-eabi/7.2.1/../../../../arm-none-eabi/lib/thumb/v6-m\libc_nano.a(lib_a-aeabi_memcpy.o)
                0x08008d1c                __aeabi_memcpy4
                0x08008d1c                __aeabi_memcpy8
                0x08008d1c                __aeabi_memcpy
 .text.__aeabi_memset
                0x08008d24        0xe c:/ac6/systemworkbench/plugins/fr.ac6.mcu.externaltools.arm-none.win32_1.16.0.201807130628/tools/compiler/bin/../lib/gcc/arm-none-eabi/7.2.1/../../../../arm-none-eabi/lib/thumb/v6-m\libc_nano.a(lib_a-aeabi_memset.o)
                0x08008d24                __aeabi_memset8
                0x08008d24                __aeabi_memset4
                0x08008d24                __aeabi_memset
 *fill*         0x08008d32        0x2 
 .text.__libc_init_array
                0x08008d34       0x48 c:/ac6/systemworkbench/plugins/fr.ac6.mcu.externaltools.arm-none.win32_1.16.0.201807130628/tools/compiler/bin/../lib/gcc/arm-none-eabi/7.2.1/../../../../arm-none-eabi/lib/thumb/v6-m\libc_nano.a(lib_a-init.o)
                0x08008d34                __libc_init_array
 .text.memcpy   0x08008d7c       0x12 c:/ac6/systemworkbench/plugins/fr.ac6.mcu.externaltools.arm-none.win32_1.16.0.201807130628/tools/compiler/bin/../lib/gcc/arm-none-eabi/7.2.1/../../../../arm-none-eabi/lib/thumb/v6-m\libc_nano.a(lib_a-memcpy-stub.o)
                0x08008d7c                memcpy
 .text.memset   0x08008d8e       0x10 c:/ac6/systemworkbench/plugins/fr.ac6.mcu.externaltools.arm-none.win32_1.16.0.201807130628/tools/compiler/bin/../lib/gcc/arm-none-eabi/7.2.1/../../../../arm-none-eabi/lib/thumb/v6-m\libc_nano.a(lib_a-memset.o)
                0x08008d8e                memset
 .text._vsnprintf_r
                0x08008d9e       0x56 c:/ac6/systemworkbench/plugins/fr.ac6.mcu.externaltools.arm-none.win32_1.16.0.201807130628/tools/compiler/bin/../lib/gcc/arm-none-eabi/7.2.1/../../../../arm-none-eabi/lib/thumb/v6-m\libc_nano.a(lib_a-vsnprintf.o)
                0x08008d9e                _vsniprintf_r
                0x08008d9e                _vsnprintf_r
 .text.vsnprintf
                0x08008df4       0x18 c:/ac6/systemworkbench/plugins/fr.ac6.mcu.externaltools.arm-none.win32_1.16.0.201807130628/tools/compiler/bin/../lib/gcc/arm-none-eabi/7.2.1/../../../../arm-none-eabi/lib/thumb/v6-m\libc_nano.a(lib_a-vsnprintf.o)
                0x08008df4                vsniprintf
                0x08008df4                vsnprintf
 .text.__ssputs_r
                0x08008e0c       0xc4 c:/ac6/systemworkbench/plugins/fr.ac6.mcu.externaltools.arm-none.win32_1.16.0.201807130628/tools/compiler/bin/../lib/gcc/arm-none-eabi/7.2.1/../../../../arm-none-eabi/lib/thumb/v6-m\libc_nano.a(lib_a-nano-svfprintf.o)
                0x08008e0c                __ssputs_r
 .text._svfprintf_r
                0x08008ed0      0x1fc c:/ac6/systemworkbench/plugins/fr.ac6.mcu.externaltools.arm-none.win32_1.16.0.201807130628/tools/compiler/bin/../lib/gcc/arm-none-eabi/7.2.1/../../../../arm-none-eabi/lib/thumb/v6-m\libc_nano.a(lib_a-nano-svfprintf.o)
                0x08008ed0                _svfiprintf_r
                0x08008ed0                _svfprintf_r
 .text._printf_common
                0x080090cc       0xda c:/ac6/systemworkbench/plugins/fr.ac6.mcu.externaltools.arm-none.win32_1.16.0.201807130628/tools/compiler/bin/../lib/gcc/arm-none-eabi/7.2.1/../../../../arm-none-eabi/lib/thumb/v6-m\libc_nano.a(lib_a-nano-vfprintf_i.o)
                0x080090cc                _printf_common
 *fill*         0x080091a6        0x2 
 .text._printf_i
                0x080091a8      0x210 c:/ac6/systemworkbench/plugins/fr.ac6.mcu.externaltools.arm-none.win32_1.16.0.201807130628/tools/compiler/bin/../lib/gcc/arm-none-eabi/7.2.1/../../../../arm-none-eabi/lib/thumb/v6-m\libc_nano.a(lib_a-nano-vfprintf_i.o)
                0x080091a8                _printf_i
 .text.memchr   0x080093b8       0x16 c:/ac6/systemworkbench/plugins/fr.ac6.mcu.externaltools.arm-none.win32_1.16.0.201807130628/tools/compiler/bin/../lib/gcc/arm-none-eabi/7.2.1/../../../../arm-none-eabi/lib/thumb/v6-m\libc_nano.a(lib_a-memchr-stub.o)
                0x080093b8                memchr
 .text.memmove  0x080093ce       0x26 c:/ac6/systemworkbench/plugins/fr.ac6.mcu.externaltools.arm-none.win32_1.16.0.201807130628/tools/compiler/bin/../lib/gcc/arm-none-eabi/7.2.1/../../../../arm-none-eabi/lib/thumb/v6-m\libc_nano.a(lib_a-memmove.o)
                0x080093ce                memmove
 .text._free_r  0x080093f4       0x94 c:/ac6/systemworkbench/plugins/fr.ac6.mcu.externaltools.arm-none.win32_1.16.0.201807130628/tools/compiler/bin/../lib/gcc/arm-none-eabi/7.2.1/../../../../arm-none-eabi/lib/thumb/v6-m\libc_nano.a(lib_a-nano-freer.o)
                0x080093f4                _free_r
 .text._malloc_r
                0x08009488       0xbc c:/ac6/systemworkbench/plugins/fr.ac6.mcu.externaltools.arm-none.win32_1.16.0.201807130628/tools/compiler/bin/../lib/gcc/arm-none-eabi/7.2.1/../../../../arm-none-eabi/lib/thumb/v6-m\libc_nano.a(lib_a-nano-mallocr.o)
                0x08009488                _malloc_r
 .text._realloc_r
                0x08009544       0x4c c:/ac6/systemworkbench/plugins/fr.ac6.mcu.externaltools.arm-none.win32_1.16.0.201807130628/tools/compiler/bin/../lib/gcc/arm-none-eabi/7.2.1/../../../../arm-none-eabi/lib/thumb/v6-m\libc_nano.a(lib_a-nano-reallocr.o)
                0x08009544                _realloc_r
 .text._sbrk_r  0x08009590       0x24 c:/ac6/systemworkbench/plugins/fr.ac6.mcu.externaltools.arm-none.win32_1.16.0.201807130628/tools/compiler/bin/../lib/gcc/arm-none-eabi/7.2.1/../../../../arm-none-eabi/lib/thumb/v6-m\libc_nano.a(lib_a-sbrkr.o)
                0x08009590                _sbrk_r
 .text.__malloc_lock
                0x080095b4        0x2 c:/ac6/systemworkbench/plugins/fr.ac6.mcu.externaltools.arm-none.win32_1.16.0.201807130628/tools/compiler/bin/../lib/gcc/arm-none-eabi/7.2.1/../../../../arm-none-eabi/lib/thumb/v6-m\libc_nano.a(lib_a-mlock.o)
                0x080095b4                __malloc_lock
 .text.__malloc_unlock
                0x080095b6        0x2 c:/ac6/systemworkbench/plugins/fr.ac6.mcu.externaltools.arm-none.win32_1.16.0.201807130628/tools/compiler/bin/../lib/gcc/arm-none-eabi/7.2.1/../../../../arm-none-eabi/lib/thumb/v6-m\libc_nano.a(lib_a-mlock.o)
                0x080095b6                __malloc_unlock
 .text._malloc_usable_size_r
                0x080095b8       0x10 c:/ac6/systemworkbench/plugins/fr.ac6.mcu.externaltools.arm-none.win32_1.16.0.201807130628/tools/compiler/bin/../lib/gcc/arm-none-eabi/7.2.1/../../../../arm-none-eabi/lib/thumb/v6-m\libc_nano.a(lib_a-nano-msizer.o)
                0x080095b8                _malloc_usable_size_r
 .text._sbrk    0x080095c8       0x1c c:/ac6/systemworkbench/plugins/fr.ac6.mcu.externaltools.arm-none.win32_1.16.0.201807130628/tools/compiler/bin/../lib/gcc/arm-none-eabi/7.2.1/../../../../arm-none-eabi/lib/thumb/v6-m\libnosys.a(sbrk.o)
                0x080095c8                _sbrk
 *(.glue_7)
 .glue_7        0x080095e4        0x0 linker stubs
 *(.glue_7t)
 .glue_7t       0x080095e4        0x0 linker stubs
 *(.eh_frame)
 .eh_frame      0x080095e4        0x0 c:/ac6/systemworkbench/plugins/fr.ac6.mcu.externaltools.arm-none.win32_1.16.0.201807130628/tools/compiler/bin/../lib/gcc/arm-none-eabi/7.2.1/thumb/v6-m/crtbegin.o
 *(.init)
 .init          0x080095e4        0x4 c:/ac6/systemworkbench/plugins/fr.ac6.mcu.externaltools.arm-none.win32_1.16.0.201807130628/tools/compiler/bin/../lib/gcc/arm-none-eabi/7.2.1/thumb/v6-m/crti.o
                0x080095e4                _init
 .init          0x080095e8        0x8 c:/ac6/systemworkbench/plugins/fr.ac6.mcu.externaltools.arm-none.win32_1.16.0.201807130628/tools/compiler/bin/../lib/gcc/arm-none-eabi/7.2.1/thumb/v6-m/crtn.o
 *(.fini)
 .fini          0x080095f0        0x4 c:/ac6/systemworkbench/plugins/fr.ac6.mcu.externaltools.arm-none.win32_1.16.0.201807130628/tools/compiler/bin/../lib/gcc/arm-none-eabi/7.2.1/thumb/v6-m/crti.o
                0x080095f0                _fini
 .fini          0x080095f4        0x8 c:/ac6/systemworkbench/plugins/fr.ac6.mcu.externaltools.arm-none.win32_1.16.0.201807130628/tools/compiler/bin/../lib/gcc/arm-none-eabi/7.2.1/thumb/v6-m/crtn.o
                0x080095fc                . = ALIGN (0x4)
                0x080095fc                _etext = .

.vfp11_veneer   0x080095fc        0x0
 .vfp11_veneer  0x080095fc        0x0 linker stubs

.v4_bx          0x080095fc        0x0
 .v4_bx         0x080095fc        0x0 linker stubs

.iplt           0x080095fc        0x0
 .iplt          0x080095fc        0x0 c:/ac6/systemworkbench/plugins/fr.ac6.mcu.externaltools.arm-none.win32_1.16.0.201807130628/tools/compiler/bin/../lib/gcc/arm-none-eabi/7.2.1/thumb/v6-m/crtbegin.o

.rodata         0x080095fc      0xdc4
                0x080095fc                . = ALIGN (0x4)
 *(.rodata)
 .rodata        0x080095fc        0xc Core/Src/project_main.o
 .rodata        0x08009608       0x24 Core/Src/system_stm32l0xx.o
                0x08009608                PLLMulTable
                0x08009614                AHBPrescTable
                0x08009624                APBPrescTable
 .rodata        0x0800962c       0x48 Drivers/STM32L0xx_HAL_Driver/Src/stm32l0xx_hal_uart.o
 .rodata        0x08009674        0xa ItSdk/Src/drivers/eeprom/m95640/m95640.o
 *fill*         0x0800967e        0x2 
 .rodata        0x08009680       0x1c ItSdk/Src/drivers/sigfox/sigfox_helper.o
 .rodata        0x0800969c       0x70 ItSdk/Src/stm32l_sdk/gpio_wrapper.o
 .rodata        0x0800970c      0x3d0 C:\Users\paul\Documents\STM32\STM32_Sigfox_ItSdk\Drivers\libST_RF_LIB_ALL250_CM0+_GCC.a(rf_api.o)
 *(.rodata*)
 .rodata.str1.4
                0x08009adc       0x13 Core/Src/iwdg.o
 *fill*         0x08009aef        0x1 
 .rodata.str1.4
                0x08009af0       0x27 Core/Src/main.o
 *fill*         0x08009b17        0x1 
 .rodata.str1.4
                0x08009b18       0xa7 Core/Src/project_main.o
 *fill*         0x08009bbf        0x1 
 .rodata.str1.4
                0x08009bc0       0x12 Core/Src/rtc.o
 *fill*         0x08009bd2        0x2 
 .rodata.str1.4
                0x08009bd4       0x12 Core/Src/spi.o
 *fill*         0x08009be6        0x2 
 .rodata.str1.4
                0x08009be8       0x12 Core/Src/tim.o
 *fill*         0x08009bfa        0x2 
 .rodata.str1.4
                0x08009bfc       0x14 Core/Src/usart.o
 .rodata.str1.4
                0x08009c10       0x48 ItSdk/Src/drivers/eeprom/m95640/m95640.o
 .rodata.str1.4
                0x08009c58       0xfc ItSdk/Src/drivers/s2lp/s2lp.o
                                0x107 (size before relaxing)
 .rodata.str1.4
                0x08009d54       0x26 ItSdk/Src/drivers/s2lp/s2lp_spi.o
 *fill*         0x08009d7a        0x2 
 .rodata.str1.4
                0x08009d7c      0x4b4 ItSdk/Src/drivers/s2lp/st_lib_api.o
                                0x4c8 (size before relaxing)
 .rodata.str1.4
                0x0800a230       0x3f ItSdk/Src/it_sdk/time/timer.o
 *fill*         0x0800a26f        0x1 
 .rodata.str1.4
                0x0800a270       0x3d ItSdk/Src/stm32l_sdk/adc/adc.o
 *fill*         0x0800a2ad        0x3 
 .rodata.str1.4
                0x0800a2b0       0x42 ItSdk/Src/stm32l_sdk/gpio_wrapper.o
 *fill*         0x0800a2f2        0x2 
 .rodata.str1.4
                0x0800a2f4       0x43 ItSdk/Src/stm32l_sdk/eeprom/eeprom.o
 *fill*         0x0800a337        0x1 
 .rodata.str1.4
                0x0800a338        0xd ItSdk/Src/stm32l_sdk/rtc/rtc.o
 *fill*         0x0800a345        0x3 
 .rodata.str1.4
                0x0800a348       0x44 ItSdk/Src/stm32l_sdk/wdg/watchdog.o
                                 0x42 (size before relaxing)
 .rodata._svfprintf_r.str1.1
                0x0800a38c       0x11 c:/ac6/systemworkbench/plugins/fr.ac6.mcu.externaltools.arm-none.win32_1.16.0.201807130628/tools/compiler/bin/../lib/gcc/arm-none-eabi/7.2.1/../../../../arm-none-eabi/lib/thumb/v6-m\libc_nano.a(lib_a-nano-svfprintf.o)
 .rodata._printf_i.str1.1
                0x0800a39d       0x22 c:/ac6/systemworkbench/plugins/fr.ac6.mcu.externaltools.arm-none.win32_1.16.0.201807130628/tools/compiler/bin/../lib/gcc/arm-none-eabi/7.2.1/../../../../arm-none-eabi/lib/thumb/v6-m\libc_nano.a(lib_a-nano-vfprintf_i.o)
                0x0800a3c0                . = ALIGN (0x4)
 *fill*         0x0800a3bf        0x1 

.ARM.extab
 *(.ARM.extab* .gnu.linkonce.armextab.*)

.ARM            0x0800a3c0        0x8
                0x0800a3c0                __exidx_start = .
 *(.ARM.exidx*)
 .ARM.exidx     0x0800a3c0        0x8 c:/ac6/systemworkbench/plugins/fr.ac6.mcu.externaltools.arm-none.win32_1.16.0.201807130628/tools/compiler/bin/../lib/gcc/arm-none-eabi/7.2.1/thumb/v6-m\libgcc.a(_udivmoddi4.o)
 .ARM.exidx     0x0800a3c8        0x0 c:/ac6/systemworkbench/plugins/fr.ac6.mcu.externaltools.arm-none.win32_1.16.0.201807130628/tools/compiler/bin/../lib/gcc/arm-none-eabi/7.2.1/thumb/v6-m\libgcc.a(_divdi3.o)
                                  0x8 (size before relaxing)
                0x0800a3c8                __exidx_end = .

.rel.dyn        0x0800a3c8        0x0
 .rel.iplt      0x0800a3c8        0x0 c:/ac6/systemworkbench/plugins/fr.ac6.mcu.externaltools.arm-none.win32_1.16.0.201807130628/tools/compiler/bin/../lib/gcc/arm-none-eabi/7.2.1/thumb/v6-m/crtbegin.o

.preinit_array  0x0800a3c8        0x0
                0x0800a3c8                PROVIDE (__preinit_array_start, .)
 *(.preinit_array*)
                0x0800a3c8                PROVIDE (__preinit_array_end, .)

.init_array     0x0800a3c8        0x4
                0x0800a3c8                PROVIDE (__init_array_start, .)
 *(SORT_BY_NAME(.init_array.*))
 *(.init_array*)
 .init_array    0x0800a3c8        0x4 c:/ac6/systemworkbench/plugins/fr.ac6.mcu.externaltools.arm-none.win32_1.16.0.201807130628/tools/compiler/bin/../lib/gcc/arm-none-eabi/7.2.1/thumb/v6-m/crtbegin.o
                0x0800a3cc                PROVIDE (__init_array_end, .)

.fini_array     0x0800a3cc        0x4
                [!provide]                PROVIDE (__fini_array_start, .)
 *(SORT_BY_NAME(.fini_array.*))
 *(.fini_array*)
 .fini_array    0x0800a3cc        0x4 c:/ac6/systemworkbench/plugins/fr.ac6.mcu.externaltools.arm-none.win32_1.16.0.201807130628/tools/compiler/bin/../lib/gcc/arm-none-eabi/7.2.1/thumb/v6-m/crtbegin.o
                [!provide]                PROVIDE (__fini_array_end, .)
                0x0800a3d0                _sidata = LOADADDR (.data)

.data           0x20000000      0x1b4 load address 0x0800a3d0
                0x20000000                . = ALIGN (0x4)
                0x20000000                _sdata = .
 *(.data)
 .data          0x20000000        0x1 Core/Src/project_main.o
                0x20000000                led
 *fill*         0x20000001        0x3 
 .data          0x20000004        0x4 Core/Src/system_stm32l0xx.o
                0x20000004                SystemCoreClock
 .data          0x20000008       0x18 ItSdk/Src/drivers/s2lp/st_lib_api.o
                0x20000010                __sfx_gpio_irq
                0x20000018                __sfx_rtc_irq2
 .data          0x20000020        0x1 ItSdk/Src/it_sdk/lowpower/lowpower.o
                0x20000020                __lowPower_wakeup_reason
 *fill*         0x20000021        0x3 
 .data          0x20000024        0x8 ItSdk/Src/stm32l_sdk/lowpower/lowpower.o
                0x20000024                __lowpwer_gpio_irq
 .data          0x2000002c        0x1 ItSdk/Src/stm32l_sdk/rtc/systick.o
                0x2000002c                __enable_systick
 *fill*         0x2000002d        0x3 
 .data          0x20000030       0xa0 C:\Users\paul\Documents\STM32\STM32_Sigfox_ItSdk\Drivers\libST_RF_LIB_ALL250_CM0+_GCC.a(rf_api.o)
 .data          0x200000d0       0x80 C:\Users\paul\Documents\STM32\STM32_Sigfox_ItSdk\Drivers\libID_KEY_RETRIEVER250_CM0+_GCC.a(asfd32.o)
                0x20000140                l45
 *(.data*)
 .data._impure_ptr
                0x20000150        0x4 c:/ac6/systemworkbench/plugins/fr.ac6.mcu.externaltools.arm-none.win32_1.16.0.201807130628/tools/compiler/bin/../lib/gcc/arm-none-eabi/7.2.1/../../../../arm-none-eabi/lib/thumb/v6-m\libc_nano.a(lib_a-impure.o)
                0x20000150                _impure_ptr
 .data.impure_data
                0x20000154       0x60 c:/ac6/systemworkbench/plugins/fr.ac6.mcu.externaltools.arm-none.win32_1.16.0.201807130628/tools/compiler/bin/../lib/gcc/arm-none-eabi/7.2.1/../../../../arm-none-eabi/lib/thumb/v6-m\libc_nano.a(lib_a-impure.o)
                0x200001b4                . = ALIGN (0x4)
                0x200001b4                _edata = .

.igot.plt       0x200001b4        0x0 load address 0x0800a584
 .igot.plt      0x200001b4        0x0 c:/ac6/systemworkbench/plugins/fr.ac6.mcu.externaltools.arm-none.win32_1.16.0.201807130628/tools/compiler/bin/../lib/gcc/arm-none-eabi/7.2.1/thumb/v6-m/crtbegin.o
                0x200001b4                . = ALIGN (0x4)

.bss            0x200001b8      0x50c load address 0x0800a584
                0x200001b8                _sbss = .
                0x200001b8                __bss_start__ = _sbss
 *(.bss)
 .bss           0x200001b8       0x1c c:/ac6/systemworkbench/plugins/fr.ac6.mcu.externaltools.arm-none.win32_1.16.0.201807130628/tools/compiler/bin/../lib/gcc/arm-none-eabi/7.2.1/thumb/v6-m/crtbegin.o
 .bss           0x200001d4      0x200 ItSdk/Src/drivers/s2lp/st_lib_api.o
                0x200001d4                __pendingIrqDelayed
                0x200001d8                __st_lib_rtc_loops_pending
                0x200001dc                __keyPtr
 .bss           0x200003d4        0x1 ItSdk/Src/it_sdk/sched/scheduler.o
                0x200003d4                __sNum
 *fill*         0x200003d5        0x3 
 .bss           0x200003d8        0xa ItSdk/Src/it_sdk/time/time.o
                0x200003d8                __timeus
                0x200003e0                __time_has_overrun
                0x200003e1                __time_overrun_cnt
 *fill*         0x200003e2        0x2 
 .bss           0x200003e4       0x20 ItSdk/Src/it_sdk/time/timer.o
                0x200003e4                __stimer_slots
 .bss           0x20000404        0x8 ItSdk/Src/stm32l_sdk/gpio_wrapper.o
                0x20000404                __gpio_irq_chain
 .bss           0x2000040c       0x10 ItSdk/Src/stm32l_sdk/rtc/rtc.o
                0x2000040c                lastTick
                0x20000410                days
                0x20000414                __rtc_irq_chain
 .bss           0x2000041c        0x8 C:\Users\paul\Documents\STM32\STM32_Sigfox_ItSdk\Drivers\libSFX_LIB_FDL250_CM0+_GCC.a(sigfox_api.o)
                0x2000041c                g_state
                0x20000420                rs
 .bss           0x20000424       0x20 C:\Users\paul\Documents\STM32\STM32_Sigfox_ItSdk\Drivers\libSFX_LIB_FDL250_CM0+_GCC.a(sigfox_hmac.o)
                0x20000424                aes_in
 .bss           0x20000444       0xb0 C:\Users\paul\Documents\STM32\STM32_Sigfox_ItSdk\Drivers\libID_KEY_RETRIEVER250_CM0+_GCC.a(asfd32.o)
 *(.bss*)
 .bss.__malloc_free_list
                0x200004f4        0x4 c:/ac6/systemworkbench/plugins/fr.ac6.mcu.externaltools.arm-none.win32_1.16.0.201807130628/tools/compiler/bin/../lib/gcc/arm-none-eabi/7.2.1/../../../../arm-none-eabi/lib/thumb/v6-m\libc_nano.a(lib_a-nano-mallocr.o)
                0x200004f4                __malloc_free_list
 .bss.__malloc_sbrk_start
                0x200004f8        0x4 c:/ac6/systemworkbench/plugins/fr.ac6.mcu.externaltools.arm-none.win32_1.16.0.201807130628/tools/compiler/bin/../lib/gcc/arm-none-eabi/7.2.1/../../../../arm-none-eabi/lib/thumb/v6-m\libc_nano.a(lib_a-nano-mallocr.o)
                0x200004f8                __malloc_sbrk_start
 .bss.heap_end.4102
                0x200004fc        0x4 c:/ac6/systemworkbench/plugins/fr.ac6.mcu.externaltools.arm-none.win32_1.16.0.201807130628/tools/compiler/bin/../lib/gcc/arm-none-eabi/7.2.1/../../../../arm-none-eabi/lib/thumb/v6-m\libnosys.a(sbrk.o)
 *(COMMON)
 COMMON         0x20000500       0x10 Core/Src/iwdg.o
                0x20000500                hiwdg
 COMMON         0x20000510       0x24 Core/Src/rtc.o
                0x20000510                hrtc
 COMMON         0x20000534       0x58 Core/Src/spi.o
                0x20000534                hspi1
 COMMON         0x2000058c       0x38 Core/Src/tim.o
                0x2000058c                htim21
 COMMON         0x200005c4       0xe0 Core/Src/usart.o
                0x200005c4                hlpuart1
                0x20000634                huart2
 COMMON         0x200006a4        0x4 Drivers/STM32L0xx_HAL_Driver/Src/stm32l0xx_hal.o
                0x200006a4                uwTick
 COMMON         0x200006a8        0x4 ItSdk/Src/drivers/s2lp/st_lib_api.o
                0x200006a8                _s2lp_sigfox_config
 COMMON         0x200006ac        0x4 ItSdk/Src/it_sdk/logger/logger.o
                0x200006ac                __log
 COMMON         0x200006b0       0x10 ItSdk/Src/it_sdk/sched/scheduler.o
                0x200006b0                __scheds
 COMMON         0x200006c0        0x4 c:/ac6/systemworkbench/plugins/fr.ac6.mcu.externaltools.arm-none.win32_1.16.0.201807130628/tools/compiler/bin/../lib/gcc/arm-none-eabi/7.2.1/../../../../arm-none-eabi/lib/thumb/v6-m\libc_nano.a(lib_a-reent.o)
                0x200006c0                errno
                0x200006c4                . = ALIGN (0x4)
                0x200006c4                _ebss = .
                0x200006c4                __bss_end__ = _ebss

._user_heap_stack
                0x200006c4      0x604 load address 0x0800a584
                0x200006c8                . = ALIGN (0x8)
 *fill*         0x200006c4        0x4 
                0x200006c8                PROVIDE (end, .)
                [!provide]                PROVIDE (_end, .)
                0x200008c8                . = (. + _Min_Heap_Size)
 *fill*         0x200006c8      0x200 
                0x20000cc8                . = (. + _Min_Stack_Size)
 *fill*         0x200008c8      0x400 
                0x20000cc8                . = ALIGN (0x8)

/DISCARD/
 libc.a(*)
 libm.a(*)
 libgcc.a(*)

.ARM.attributes
                0x00000000       0x2e
 *(.ARM.attributes)
 .ARM.attributes
                0x00000000       0x1e c:/ac6/systemworkbench/plugins/fr.ac6.mcu.externaltools.arm-none.win32_1.16.0.201807130628/tools/compiler/bin/../lib/gcc/arm-none-eabi/7.2.1/thumb/v6-m/crti.o
 .ARM.attributes
                0x0000001e       0x2c c:/ac6/systemworkbench/plugins/fr.ac6.mcu.externaltools.arm-none.win32_1.16.0.201807130628/tools/compiler/bin/../lib/gcc/arm-none-eabi/7.2.1/thumb/v6-m/crtbegin.o
 .ARM.attributes
                0x0000004a       0x32 Core/Src/gpio.o
 .ARM.attributes
                0x0000007c       0x32 Core/Src/iwdg.o
 .ARM.attributes
                0x000000ae       0x32 Core/Src/main.o
 .ARM.attributes
                0x000000e0       0x32 Core/Src/project_main.o
 .ARM.attributes
                0x00000112       0x32 Core/Src/rtc.o
 .ARM.attributes
                0x00000144       0x32 Core/Src/spi.o
 .ARM.attributes
                0x00000176       0x32 Core/Src/stm32l0xx_hal_msp.o
 .ARM.attributes
                0x000001a8       0x32 Core/Src/stm32l0xx_it.o
 .ARM.attributes
                0x000001da       0x32 Core/Src/system_stm32l0xx.o
 .ARM.attributes
                0x0000020c       0x32 Core/Src/tim.o
 .ARM.attributes
                0x0000023e       0x32 Core/Src/usart.o
 .ARM.attributes
                0x00000270       0x32 Drivers/STM32L0xx_HAL_Driver/Src/stm32l0xx_hal.o
 .ARM.attributes
                0x000002a2       0x32 Drivers/STM32L0xx_HAL_Driver/Src/stm32l0xx_hal_cortex.o
 .ARM.attributes
                0x000002d4       0x32 Drivers/STM32L0xx_HAL_Driver/Src/stm32l0xx_hal_gpio.o
 .ARM.attributes
                0x00000306       0x32 Drivers/STM32L0xx_HAL_Driver/Src/stm32l0xx_hal_iwdg.o
 .ARM.attributes
                0x00000338       0x32 Drivers/STM32L0xx_HAL_Driver/Src/stm32l0xx_hal_pwr.o
 .ARM.attributes
                0x0000036a       0x32 Drivers/STM32L0xx_HAL_Driver/Src/stm32l0xx_hal_pwr_ex.o
 .ARM.attributes
                0x0000039c       0x32 Drivers/STM32L0xx_HAL_Driver/Src/stm32l0xx_hal_rcc.o
 .ARM.attributes
                0x000003ce       0x32 Drivers/STM32L0xx_HAL_Driver/Src/stm32l0xx_hal_rcc_ex.o
 .ARM.attributes
                0x00000400       0x32 Drivers/STM32L0xx_HAL_Driver/Src/stm32l0xx_hal_rtc.o
 .ARM.attributes
                0x00000432       0x32 Drivers/STM32L0xx_HAL_Driver/Src/stm32l0xx_hal_rtc_ex.o
 .ARM.attributes
                0x00000464       0x32 Drivers/STM32L0xx_HAL_Driver/Src/stm32l0xx_hal_spi.o
 .ARM.attributes
                0x00000496       0x32 Drivers/STM32L0xx_HAL_Driver/Src/stm32l0xx_hal_tim.o
 .ARM.attributes
                0x000004c8       0x32 Drivers/STM32L0xx_HAL_Driver/Src/stm32l0xx_hal_tim_ex.o
 .ARM.attributes
                0x000004fa       0x32 Drivers/STM32L0xx_HAL_Driver/Src/stm32l0xx_hal_uart.o
 .ARM.attributes
                0x0000052c       0x32 ItSdk/Src/drivers/eeprom/m95640/m95640.o
 .ARM.attributes
                0x0000055e       0x32 ItSdk/Src/drivers/s2lp/s2lp.o
 .ARM.attributes
                0x00000590       0x32 ItSdk/Src/drivers/s2lp/s2lp_spi.o
 .ARM.attributes
                0x000005c2       0x32 ItSdk/Src/drivers/s2lp/st_lib_api.o
 .ARM.attributes
                0x000005f4       0x32 ItSdk/Src/drivers/sigfox/sigfox_helper.o
 .ARM.attributes
                0x00000626       0x32 ItSdk/Src/it_sdk/eeprom/eeprom.o
 .ARM.attributes
                0x00000658       0x32 ItSdk/Src/it_sdk/logger/logger.o
 .ARM.attributes
                0x0000068a       0x32 ItSdk/Src/it_sdk/lowpower/lowpower.o
 .ARM.attributes
                0x000006bc       0x32 ItSdk/Src/it_sdk/main.o
 .ARM.attributes
                0x000006ee       0x32 ItSdk/Src/it_sdk/tool.o
 .ARM.attributes
                0x00000720       0x32 ItSdk/Src/it_sdk/sched/scheduler.o
 .ARM.attributes
                0x00000752       0x32 ItSdk/Src/it_sdk/time/time.o
 .ARM.attributes
                0x00000784       0x32 ItSdk/Src/it_sdk/time/timer.o
 .ARM.attributes
                0x000007b6       0x32 ItSdk/Src/stm32l_sdk/adc/adc.o
 .ARM.attributes
                0x000007e8       0x32 ItSdk/Src/stm32l_sdk/gpio_wrapper.o
 .ARM.attributes
                0x0000081a       0x32 ItSdk/Src/stm32l_sdk/misc_wrapper.o
 .ARM.attributes
                0x0000084c       0x32 ItSdk/Src/stm32l_sdk/uart_wrapper.o
 .ARM.attributes
                0x0000087e       0x32 ItSdk/Src/stm32l_sdk/eeprom/eeprom.o
 .ARM.attributes
                0x000008b0       0x32 ItSdk/Src/stm32l_sdk/lowpower/lowpower.o
 .ARM.attributes
                0x000008e2       0x32 ItSdk/Src/stm32l_sdk/rtc/rtc.o
 .ARM.attributes
                0x00000914       0x32 ItSdk/Src/stm32l_sdk/rtc/systick.o
 .ARM.attributes
                0x00000946       0x32 ItSdk/Src/stm32l_sdk/spi/spi.o
 .ARM.attributes
                0x00000978       0x32 ItSdk/Src/stm32l_sdk/wdg/watchdog.o
 .ARM.attributes
                0x000009aa       0x22 startup/startup_stm32l053xx.o
 .ARM.attributes
                0x000009cc       0x53 C:\Users\paul\Documents\STM32\STM32_Sigfox_ItSdk\Drivers\libST_RF_LIB_ALL250_CM0+_GCC.a(rf_api.o)
 .ARM.attributes
                0x00000a1f       0x4f C:\Users\paul\Documents\STM32\STM32_Sigfox_ItSdk\Drivers\libSFX_LIB_FDL250_CM0+_GCC.a(sigfox_api.o)
 .ARM.attributes
                0x00000a6e       0x4f C:\Users\paul\Documents\STM32\STM32_Sigfox_ItSdk\Drivers\libSFX_LIB_FDL250_CM0+_GCC.a(sigfox_internal.o)
 .ARM.attributes
                0x00000abd       0x51 C:\Users\paul\Documents\STM32\STM32_Sigfox_ItSdk\Drivers\libSFX_LIB_FDL250_CM0+_GCC.a(sigfox_pn.o)
 .ARM.attributes
                0x00000b0e       0x4f C:\Users\paul\Documents\STM32\STM32_Sigfox_ItSdk\Drivers\libSFX_LIB_FDL250_CM0+_GCC.a(sigfox_scramb.o)
 .ARM.attributes
                0x00000b5d       0x4f C:\Users\paul\Documents\STM32\STM32_Sigfox_ItSdk\Drivers\libSFX_LIB_FDL250_CM0+_GCC.a(sigfox_crc.o)
 .ARM.attributes
                0x00000bac       0x4f C:\Users\paul\Documents\STM32\STM32_Sigfox_ItSdk\Drivers\libSFX_LIB_FDL250_CM0+_GCC.a(sigfox_decode.o)
 .ARM.attributes
                0x00000bfb       0x4f C:\Users\paul\Documents\STM32\STM32_Sigfox_ItSdk\Drivers\libSFX_LIB_FDL250_CM0+_GCC.a(sigfox_hmac.o)
 .ARM.attributes
                0x00000c4a       0x53 C:\Users\paul\Documents\STM32\STM32_Sigfox_ItSdk\Drivers\libID_KEY_RETRIEVER250_CM0+_GCC.a(asfd32.o)
 .ARM.attributes
                0x00000c9d       0x1e c:/ac6/systemworkbench/plugins/fr.ac6.mcu.externaltools.arm-none.win32_1.16.0.201807130628/tools/compiler/bin/../lib/gcc/arm-none-eabi/7.2.1/thumb/v6-m\libgcc.a(_udivsi3.o)
 .ARM.attributes
                0x00000cbb       0x1e c:/ac6/systemworkbench/plugins/fr.ac6.mcu.externaltools.arm-none.win32_1.16.0.201807130628/tools/compiler/bin/../lib/gcc/arm-none-eabi/7.2.1/thumb/v6-m\libgcc.a(_divsi3.o)
 .ARM.attributes
                0x00000cd9       0x1e c:/ac6/systemworkbench/plugins/fr.ac6.mcu.externaltools.arm-none.win32_1.16.0.201807130628/tools/compiler/bin/../lib/gcc/arm-none-eabi/7.2.1/thumb/v6-m\libgcc.a(_dvmd_tls.o)
 .ARM.attributes
                0x00000cf7       0x1e c:/ac6/systemworkbench/plugins/fr.ac6.mcu.externaltools.arm-none.win32_1.16.0.201807130628/tools/compiler/bin/../lib/gcc/arm-none-eabi/7.2.1/thumb/v6-m\libgcc.a(_aeabi_ldivmod.o)
 .ARM.attributes
                0x00000d15       0x1e c:/ac6/systemworkbench/plugins/fr.ac6.mcu.externaltools.arm-none.win32_1.16.0.201807130628/tools/compiler/bin/../lib/gcc/arm-none-eabi/7.2.1/thumb/v6-m\libgcc.a(_aeabi_uldivmod.o)
 .ARM.attributes
                0x00000d33       0x2c c:/ac6/systemworkbench/plugins/fr.ac6.mcu.externaltools.arm-none.win32_1.16.0.201807130628/tools/compiler/bin/../lib/gcc/arm-none-eabi/7.2.1/thumb/v6-m\libgcc.a(_muldi3.o)
 .ARM.attributes
                0x00000d5f       0x2c c:/ac6/systemworkbench/plugins/fr.ac6.mcu.externaltools.arm-none.win32_1.16.0.201807130628/tools/compiler/bin/../lib/gcc/arm-none-eabi/7.2.1/thumb/v6-m\libgcc.a(_udivmoddi4.o)
 .ARM.attributes
                0x00000d8b       0x2c c:/ac6/systemworkbench/plugins/fr.ac6.mcu.externaltools.arm-none.win32_1.16.0.201807130628/tools/compiler/bin/../lib/gcc/arm-none-eabi/7.2.1/thumb/v6-m\libgcc.a(bpabi.o)
 .ARM.attributes
                0x00000db7       0x1e c:/ac6/systemworkbench/plugins/fr.ac6.mcu.externaltools.arm-none.win32_1.16.0.201807130628/tools/compiler/bin/../lib/gcc/arm-none-eabi/7.2.1/thumb/v6-m\libgcc.a(_clzdi2.o)
 .ARM.attributes
                0x00000dd5       0x2c c:/ac6/systemworkbench/plugins/fr.ac6.mcu.externaltools.arm-none.win32_1.16.0.201807130628/tools/compiler/bin/../lib/gcc/arm-none-eabi/7.2.1/thumb/v6-m\libgcc.a(_divdi3.o)
 .ARM.attributes
                0x00000e01       0x1e c:/ac6/systemworkbench/plugins/fr.ac6.mcu.externaltools.arm-none.win32_1.16.0.201807130628/tools/compiler/bin/../lib/gcc/arm-none-eabi/7.2.1/thumb/v6-m\libgcc.a(_clzsi2.o)
 .ARM.attributes
                0x00000e1f       0x2c c:/ac6/systemworkbench/plugins/fr.ac6.mcu.externaltools.arm-none.win32_1.16.0.201807130628/tools/compiler/bin/../lib/gcc/arm-none-eabi/7.2.1/../../../../arm-none-eabi/lib/thumb/v6-m\libc_nano.a(lib_a-aeabi_memclr.o)
 .ARM.attributes
                0x00000e4b       0x2c c:/ac6/systemworkbench/plugins/fr.ac6.mcu.externaltools.arm-none.win32_1.16.0.201807130628/tools/compiler/bin/../lib/gcc/arm-none-eabi/7.2.1/../../../../arm-none-eabi/lib/thumb/v6-m\libc_nano.a(lib_a-aeabi_memcpy.o)
 .ARM.attributes
                0x00000e77       0x2c c:/ac6/systemworkbench/plugins/fr.ac6.mcu.externaltools.arm-none.win32_1.16.0.201807130628/tools/compiler/bin/../lib/gcc/arm-none-eabi/7.2.1/../../../../arm-none-eabi/lib/thumb/v6-m\libc_nano.a(lib_a-aeabi_memset.o)
 .ARM.attributes
                0x00000ea3       0x2c c:/ac6/systemworkbench/plugins/fr.ac6.mcu.externaltools.arm-none.win32_1.16.0.201807130628/tools/compiler/bin/../lib/gcc/arm-none-eabi/7.2.1/../../../../arm-none-eabi/lib/thumb/v6-m\libc_nano.a(lib_a-impure.o)
 .ARM.attributes
                0x00000ecf       0x2c c:/ac6/systemworkbench/plugins/fr.ac6.mcu.externaltools.arm-none.win32_1.16.0.201807130628/tools/compiler/bin/../lib/gcc/arm-none-eabi/7.2.1/../../../../arm-none-eabi/lib/thumb/v6-m\libc_nano.a(lib_a-init.o)
 .ARM.attributes
                0x00000efb       0x2c c:/ac6/systemworkbench/plugins/fr.ac6.mcu.externaltools.arm-none.win32_1.16.0.201807130628/tools/compiler/bin/../lib/gcc/arm-none-eabi/7.2.1/../../../../arm-none-eabi/lib/thumb/v6-m\libc_nano.a(lib_a-memcpy-stub.o)
 .ARM.attributes
                0x00000f27       0x2c c:/ac6/systemworkbench/plugins/fr.ac6.mcu.externaltools.arm-none.win32_1.16.0.201807130628/tools/compiler/bin/../lib/gcc/arm-none-eabi/7.2.1/../../../../arm-none-eabi/lib/thumb/v6-m\libc_nano.a(lib_a-memset.o)
 .ARM.attributes
                0x00000f53       0x1c c:/ac6/systemworkbench/plugins/fr.ac6.mcu.externaltools.arm-none.win32_1.16.0.201807130628/tools/compiler/bin/../lib/gcc/arm-none-eabi/7.2.1/../../../../arm-none-eabi/lib/thumb/v6-m\libc_nano.a(lib_a-strlen.o)
 .ARM.attributes
                0x00000f6f       0x2c c:/ac6/systemworkbench/plugins/fr.ac6.mcu.externaltools.arm-none.win32_1.16.0.201807130628/tools/compiler/bin/../lib/gcc/arm-none-eabi/7.2.1/../../../../arm-none-eabi/lib/thumb/v6-m\libc_nano.a(lib_a-vsnprintf.o)
 .ARM.attributes
                0x00000f9b       0x2c c:/ac6/systemworkbench/plugins/fr.ac6.mcu.externaltools.arm-none.win32_1.16.0.201807130628/tools/compiler/bin/../lib/gcc/arm-none-eabi/7.2.1/../../../../arm-none-eabi/lib/thumb/v6-m\libc_nano.a(lib_a-nano-svfprintf.o)
 .ARM.attributes
                0x00000fc7       0x2c c:/ac6/systemworkbench/plugins/fr.ac6.mcu.externaltools.arm-none.win32_1.16.0.201807130628/tools/compiler/bin/../lib/gcc/arm-none-eabi/7.2.1/../../../../arm-none-eabi/lib/thumb/v6-m\libc_nano.a(lib_a-nano-vfprintf_i.o)
 .ARM.attributes
                0x00000ff3       0x2c c:/ac6/systemworkbench/plugins/fr.ac6.mcu.externaltools.arm-none.win32_1.16.0.201807130628/tools/compiler/bin/../lib/gcc/arm-none-eabi/7.2.1/../../../../arm-none-eabi/lib/thumb/v6-m\libc_nano.a(lib_a-memchr-stub.o)
 .ARM.attributes
                0x0000101f       0x2c c:/ac6/systemworkbench/plugins/fr.ac6.mcu.externaltools.arm-none.win32_1.16.0.201807130628/tools/compiler/bin/../lib/gcc/arm-none-eabi/7.2.1/../../../../arm-none-eabi/lib/thumb/v6-m\libc_nano.a(lib_a-memmove.o)
 .ARM.attributes
                0x0000104b       0x2c c:/ac6/systemworkbench/plugins/fr.ac6.mcu.externaltools.arm-none.win32_1.16.0.201807130628/tools/compiler/bin/../lib/gcc/arm-none-eabi/7.2.1/../../../../arm-none-eabi/lib/thumb/v6-m\libc_nano.a(lib_a-nano-freer.o)
 .ARM.attributes
                0x00001077       0x2c c:/ac6/systemworkbench/plugins/fr.ac6.mcu.externaltools.arm-none.win32_1.16.0.201807130628/tools/compiler/bin/../lib/gcc/arm-none-eabi/7.2.1/../../../../arm-none-eabi/lib/thumb/v6-m\libc_nano.a(lib_a-nano-mallocr.o)
 .ARM.attributes
                0x000010a3       0x2c c:/ac6/systemworkbench/plugins/fr.ac6.mcu.externaltools.arm-none.win32_1.16.0.201807130628/tools/compiler/bin/../lib/gcc/arm-none-eabi/7.2.1/../../../../arm-none-eabi/lib/thumb/v6-m\libc_nano.a(lib_a-nano-reallocr.o)
 .ARM.attributes
                0x000010cf       0x2c c:/ac6/systemworkbench/plugins/fr.ac6.mcu.externaltools.arm-none.win32_1.16.0.201807130628/tools/compiler/bin/../lib/gcc/arm-none-eabi/7.2.1/../../../../arm-none-eabi/lib/thumb/v6-m\libc_nano.a(lib_a-sbrkr.o)
 .ARM.attributes
                0x000010fb       0x2c c:/ac6/systemworkbench/plugins/fr.ac6.mcu.externaltools.arm-none.win32_1.16.0.201807130628/tools/compiler/bin/../lib/gcc/arm-none-eabi/7.2.1/../../../../arm-none-eabi/lib/thumb/v6-m\libc_nano.a(lib_a-mlock.o)
 .ARM.attributes
                0x00001127       0x2c c:/ac6/systemworkbench/plugins/fr.ac6.mcu.externaltools.arm-none.win32_1.16.0.201807130628/tools/compiler/bin/../lib/gcc/arm-none-eabi/7.2.1/../../../../arm-none-eabi/lib/thumb/v6-m\libc_nano.a(lib_a-nano-msizer.o)
 .ARM.attributes
                0x00001153       0x2c c:/ac6/systemworkbench/plugins/fr.ac6.mcu.externaltools.arm-none.win32_1.16.0.201807130628/tools/compiler/bin/../lib/gcc/arm-none-eabi/7.2.1/../../../../arm-none-eabi/lib/thumb/v6-m\libc_nano.a(lib_a-reent.o)
 .ARM.attributes
                0x0000117f       0x2c c:/ac6/systemworkbench/plugins/fr.ac6.mcu.externaltools.arm-none.win32_1.16.0.201807130628/tools/compiler/bin/../lib/gcc/arm-none-eabi/7.2.1/../../../../arm-none-eabi/lib/thumb/v6-m\libnosys.a(sbrk.o)
 .ARM.attributes
                0x000011ab       0x1e c:/ac6/systemworkbench/plugins/fr.ac6.mcu.externaltools.arm-none.win32_1.16.0.201807130628/tools/compiler/bin/../lib/gcc/arm-none-eabi/7.2.1/thumb/v6-m/crtn.o
OUTPUT(STM32_Sigfox_ItSdk.elf elf32-littlearm)

.debug_info     0x00000000    0x3da37
 .debug_info    0x00000000      0xd76 Core/Src/gpio.o
 .debug_info    0x00000d76      0xa92 Core/Src/iwdg.o
 .debug_info    0x00001808     0x1e06 Core/Src/main.o
 .debug_info    0x0000360e     0x18f2 Core/Src/project_main.o
 .debug_info    0x00004f00     0x1096 Core/Src/rtc.o
 .debug_info    0x00005f96     0x1251 Core/Src/spi.o
 .debug_info    0x000071e7      0xba6 Core/Src/stm32l0xx_hal_msp.o
 .debug_info    0x00007d8d     0x110c Core/Src/stm32l0xx_it.o
 .debug_info    0x00008e99      0xbab Core/Src/system_stm32l0xx.o
 .debug_info    0x00009a44     0x108b Core/Src/tim.o
 .debug_info    0x0000aacf     0x11f9 Core/Src/usart.o
 .debug_info    0x0000bcc8      0xfda Drivers/STM32L0xx_HAL_Driver/Src/stm32l0xx_hal.o
 .debug_info    0x0000cca2     0x1116 Drivers/STM32L0xx_HAL_Driver/Src/stm32l0xx_hal_cortex.o
 .debug_info    0x0000ddb8      0xeea Drivers/STM32L0xx_HAL_Driver/Src/stm32l0xx_hal_gpio.o
 .debug_info    0x0000eca2      0xac8 Drivers/STM32L0xx_HAL_Driver/Src/stm32l0xx_hal_iwdg.o
 .debug_info    0x0000f76a      0xe75 Drivers/STM32L0xx_HAL_Driver/Src/stm32l0xx_hal_pwr.o
 .debug_info    0x000105df      0xa47 Drivers/STM32L0xx_HAL_Driver/Src/stm32l0xx_hal_pwr_ex.o
 .debug_info    0x00011026     0x138b Drivers/STM32L0xx_HAL_Driver/Src/stm32l0xx_hal_rcc.o
 .debug_info    0x000123b1     0x112b Drivers/STM32L0xx_HAL_Driver/Src/stm32l0xx_hal_rcc_ex.o
 .debug_info    0x000134dc     0x1592 Drivers/STM32L0xx_HAL_Driver/Src/stm32l0xx_hal_rtc.o
 .debug_info    0x00014a6e     0x1795 Drivers/STM32L0xx_HAL_Driver/Src/stm32l0xx_hal_rtc_ex.o
 .debug_info    0x00016203     0x1dc2 Drivers/STM32L0xx_HAL_Driver/Src/stm32l0xx_hal_spi.o
 .debug_info    0x00017fc5     0x34cb Drivers/STM32L0xx_HAL_Driver/Src/stm32l0xx_hal_tim.o
 .debug_info    0x0001b490      0xe40 Drivers/STM32L0xx_HAL_Driver/Src/stm32l0xx_hal_tim_ex.o
 .debug_info    0x0001c2d0     0x2218 Drivers/STM32L0xx_HAL_Driver/Src/stm32l0xx_hal_uart.o
 .debug_info    0x0001e4e8     0x1989 ItSdk/Src/drivers/eeprom/m95640/m95640.o
 .debug_info    0x0001fe71     0x1af9 ItSdk/Src/drivers/s2lp/s2lp.o
 .debug_info    0x0002196a     0x18d5 ItSdk/Src/drivers/s2lp/s2lp_spi.o
 .debug_info    0x0002323f     0x293c ItSdk/Src/drivers/s2lp/st_lib_api.o
 .debug_info    0x00025b7b     0x15ad ItSdk/Src/drivers/sigfox/sigfox_helper.o